Archive member included because of file (symbol)

c:/gccarm/bin/../lib/gcc/arm-none-eabi/4.7.3/../../../../arm-none-eabi/lib/armv7e-m\libm.a(lib_a-s_fpclassify.o)
                              ..\obj\_vsxprintf.o (__fpclassifyd)
c:/gccarm/bin/../lib/gcc/arm-none-eabi/4.7.3/../../../../arm-none-eabi/lib/armv7e-m\libm.a(lib_a-s_round.o)
                              ..\obj\_vsxprintf.o (round)
c:/gccarm/bin/../lib/gcc/arm-none-eabi/4.7.3/../../../../arm-none-eabi/lib/armv7e-m\libm.a(lib_a-sf_fpclassify.o)
                              ..\obj\leaky_int.o (__fpclassifyf)
c:/gccarm/bin/../lib/gcc/arm-none-eabi/4.7.3/armv7e-m\libgcc.a(_arm_addsubdf3.o)
                              ..\obj\_vsxprintf.o (__aeabi_dsub)
c:/gccarm/bin/../lib/gcc/arm-none-eabi/4.7.3/armv7e-m\libgcc.a(_arm_muldivdf3.o)
                              ..\obj\_vsxprintf.o (__aeabi_dmul)
c:/gccarm/bin/../lib/gcc/arm-none-eabi/4.7.3/armv7e-m\libgcc.a(_arm_cmpdf2.o)
                              ..\obj\_vsxprintf.o (__aeabi_dcmpeq)
c:/gccarm/bin/../lib/gcc/arm-none-eabi/4.7.3/armv7e-m\libgcc.a(_arm_fixdfsi.o)
                              ..\obj\_vsxprintf.o (__aeabi_d2iz)
c:/gccarm/bin/../lib/gcc/arm-none-eabi/4.7.3/armv7e-m\libgcc.a(_arm_truncdfsf2.o)
                              ..\obj\tne.o (__aeabi_d2f)
c:/gccarm/bin/../lib/gcc/arm-none-eabi/4.7.3/armv7e-m\libgcc.a(_arm_addsubsf3.o)
                              ..\obj\sensors_lut.o (__aeabi_fsub)
c:/gccarm/bin/../lib/gcc/arm-none-eabi/4.7.3/armv7e-m\libgcc.a(_arm_muldivsf3.o)
                              ..\obj\jtype.o (__aeabi_fmul)
c:/gccarm/bin/../lib/gcc/arm-none-eabi/4.7.3/armv7e-m\libgcc.a(_arm_cmpsf2.o)
                              ..\obj\sensors_lut.o (__aeabi_fcmpeq)
c:/gccarm/bin/../lib/gcc/arm-none-eabi/4.7.3/armv7e-m\libgcc.a(_arm_fixsfsi.o)
                              ..\obj\sensors_lut.o (__aeabi_f2iz)
c:/gccarm/bin/../lib/gcc/arm-none-eabi/4.7.3/../../../../arm-none-eabi/lib/armv7e-m\libg.a(lib_a-calloc.o)
                              ..\obj\moving_av.o (calloc)
c:/gccarm/bin/../lib/gcc/arm-none-eabi/4.7.3/../../../../arm-none-eabi/lib/armv7e-m\libg.a(lib_a-callocr.o)
                              c:/gccarm/bin/../lib/gcc/arm-none-eabi/4.7.3/../../../../arm-none-eabi/lib/armv7e-m\libg.a(lib_a-calloc.o) (_calloc_r)
c:/gccarm/bin/../lib/gcc/arm-none-eabi/4.7.3/../../../../arm-none-eabi/lib/armv7e-m\libg.a(lib_a-ctype_.o)
                              ..\obj\tui_textboxd.o (__ctype_ptr__)
c:/gccarm/bin/../lib/gcc/arm-none-eabi/4.7.3/../../../../arm-none-eabi/lib/armv7e-m\libg.a(lib_a-impure.o)
                              c:/gccarm/bin/../lib/gcc/arm-none-eabi/4.7.3/../../../../arm-none-eabi/lib/armv7e-m\libg.a(lib_a-calloc.o) (_impure_ptr)
c:/gccarm/bin/../lib/gcc/arm-none-eabi/4.7.3/../../../../arm-none-eabi/lib/armv7e-m\libg.a(lib_a-malloc.o)
                              ..\obj\moving_av.o (free)
c:/gccarm/bin/../lib/gcc/arm-none-eabi/4.7.3/../../../../arm-none-eabi/lib/armv7e-m\libg.a(lib_a-mallocr.o)
                              c:/gccarm/bin/../lib/gcc/arm-none-eabi/4.7.3/../../../../arm-none-eabi/lib/armv7e-m\libg.a(lib_a-callocr.o) (_malloc_r)
c:/gccarm/bin/../lib/gcc/arm-none-eabi/4.7.3/../../../../arm-none-eabi/lib/armv7e-m\libg.a(lib_a-memcmp.o)
                              ..\obj\des.o (memcmp)
c:/gccarm/bin/../lib/gcc/arm-none-eabi/4.7.3/../../../../arm-none-eabi/lib/armv7e-m\libg.a(lib_a-memcpy.o)
                              ..\obj\md5.o (memcpy)
c:/gccarm/bin/../lib/gcc/arm-none-eabi/4.7.3/../../../../arm-none-eabi/lib/armv7e-m\libg.a(lib_a-memset.o)
                              ..\obj\tui_menud.o (memset)
c:/gccarm/bin/../lib/gcc/arm-none-eabi/4.7.3/../../../../arm-none-eabi/lib/armv7e-m\libg.a(lib_a-mlock.o)
                              c:/gccarm/bin/../lib/gcc/arm-none-eabi/4.7.3/../../../../arm-none-eabi/lib/armv7e-m\libg.a(lib_a-mallocr.o) (__malloc_lock)
c:/gccarm/bin/../lib/gcc/arm-none-eabi/4.7.3/../../../../arm-none-eabi/lib/armv7e-m\libg.a(lib_a-sbrkr.o)
                              c:/gccarm/bin/../lib/gcc/arm-none-eabi/4.7.3/../../../../arm-none-eabi/lib/armv7e-m\libg.a(lib_a-mallocr.o) (_sbrk_r)
c:/gccarm/bin/../lib/gcc/arm-none-eabi/4.7.3/../../../../arm-none-eabi/lib/armv7e-m\libg.a(lib_a-freer.o)
                              c:/gccarm/bin/../lib/gcc/arm-none-eabi/4.7.3/../../../../arm-none-eabi/lib/armv7e-m\libg.a(lib_a-malloc.o) (_free_r)
c:/gccarm/bin/../lib/gcc/arm-none-eabi/4.7.3/../../../../arm-none-eabi/lib/armv7e-m\libg.a(lib_a-reent.o)
                              c:/gccarm/bin/../lib/gcc/arm-none-eabi/4.7.3/../../../../arm-none-eabi/lib/armv7e-m\libg.a(lib_a-sbrkr.o) (errno)

Allocating common symbols
Common symbol       size              file

errno               0x4               c:/gccarm/bin/../lib/gcc/arm-none-eabi/4.7.3/../../../../arm-none-eabi/lib/armv7e-m\libg.a(lib_a-reent.o)
Ticks               0x4               ..\obj\stm32f4xx_systick.o
Now                 0x4               ..\obj\stm32f4xx_systick.o
[...]
Memory Configuration

Name             Origin             Length             Attributes
rom              0x08000000         0x00100000         xr
ram              0x20000000         0x00020000         xrw
ram1             0x10000000         0x00010000         xrw
*default*        0x00000000         0xffffffff

Linker script and memory map

                0x20020000                _eram = 0x20020000

.text           0x08000000     0x2f14
 *(.isr_vector)
 .isr_vector    0x08000000      0x188 ..\obj\startup_stm32f4xx.o
                0x08000000                g_pfnVectors
 *(.text*)
 .text.JF_Init  0x08000188       0x18 ..\obj\STM32F4_Discovery.o
                0x08000188                JF_Init
 .text.JF_setfreq
                0x080001a0       0x80 ..\obj\STM32F4_Discovery.o
                0x080001a0                JF_setfreq
 .text.SD_Port_Init
                0x08000220      0x118 ..\obj\STM32F4_Discovery.o
                0x08000220                SD_Port_Init
 .text.SD_CLK   0x08000338       0x38 ..\obj\STM32F4_Discovery.o
                0x08000338                SD_CLK
 .text.SD_MOSI  0x08000370       0x38 ..\obj\STM32F4_Discovery.o
                0x08000370                SD_MOSI
 .text.SD_nCS   0x080003a8       0x38 ..\obj\STM32F4_Discovery.o
                0x080003a8                SD_nCS
 .text.SD_MISO  0x080003e0       0x20 ..\obj\STM32F4_Discovery.o
                0x080003e0                SD_MISO
 .text.SD_nCD   0x08000400       0x24 ..\obj\STM32F4_Discovery.o
                0x08000400                SD_nCD
 .text.SD_nEN   0x08000424       0x38 ..\obj\STM32F4_Discovery.o
                0x08000424                SD_nEN
 .text.Driver_Init
                0x0800045c       0x10 ..\obj\STM32F4_Discovery.o
                0x0800045c                Driver_Init
 .text.Default_Reset_Handler
                0x0800046c       0x6c ..\obj\startup_stm32f4xx.o
                0x0800046c                Default_Reset_Handler
                0x0800046c                Reset_Handler
 .text.Default_Handler
                0x080004d8        0x8 ..\obj\startup_stm32f4xx.o
                0x080004d8                RTC_Alarm_IRQHandler
                0x080004d8                HASH_RNG_IRQHandler
                0x080004d8                EXTI2_IRQHandler
                0x080004d8                TIM8_CC_IRQHandler
                0x080004d8                DebugMon_Handler
                0x080004d8                TIM1_CC_IRQHandler
                0x080004d8                DMA2_Stream5_IRQHandler
                0x080004d8                HardFault_Handler
                0x080004d8                DMA1_Stream5_IRQHandler
                0x080004d8                PVD_IRQHandler
                0x080004d8                SDIO_IRQHandler
                0x080004d8                TAMP_STAMP_IRQHandler
                0x080004d8                PendSV_Handler
                0x080004d8                NMI_Handler
                0x080004d8                CAN2_RX1_IRQHandler
                0x080004d8                EXTI3_IRQHandler
                0x080004d8                TIM8_TRG_COM_TIM14_IRQHandler
                0x080004d8                TIM1_UP_TIM10_IRQHandler
                0x080004d8                TIM8_UP_TIM13_IRQHandler
                0x080004d8                I2C3_ER_IRQHandler
                0x080004d8                EXTI0_IRQHandler
                0x080004d8                I2C2_EV_IRQHandler
                0x080004d8                DMA1_Stream2_IRQHandler
                0x080004d8                CAN1_RX0_IRQHandler
                0x080004d8                FPU_IRQHandler
                0x080004d8                OTG_HS_WKUP_IRQHandler
                0x080004d8                UsageFault_Handler
                0x080004d8                CAN2_SCE_IRQHandler
                0x080004d8                DMA2_Stream2_IRQHandler
                0x080004d8                SPI1_IRQHandler
                0x080004d8                TIM6_DAC_IRQHandler
                0x080004d8                TIM1_BRK_TIM9_IRQHandler
                0x080004d8                DCMI_IRQHandler
                0x080004d8                CAN2_RX0_IRQHandler
                0x080004d8                DMA2_Stream3_IRQHandler
                0x080004d8                USART6_IRQHandler
                0x080004d8                USART3_IRQHandler
                0x080004d8                CRYP_IRQHandler
                0x080004d8                CAN1_RX1_IRQHandler
                0x080004d8                UART5_IRQHandler
                0x080004d8                DMA2_Stream0_IRQHandler
                0x080004d8                TIM4_IRQHandler
                0x080004d8                I2C1_EV_IRQHandler
                0x080004d8                DMA1_Stream6_IRQHandler
                0x080004d8                DMA1_Stream1_IRQHandler
                0x080004d8                UART4_IRQHandler
                0x080004d8                TIM3_IRQHandler
                0x080004d8                RCC_IRQHandler
                0x080004d8                TIM8_BRK_TIM12_IRQHandler
                0x080004d8                EXTI15_10_IRQHandler
                0x080004d8                ADC_IRQHandler
                0x080004d8                DMA1_Stream7_IRQHandler
                0x080004d8                TIM7_IRQHandler
                0x080004d8                CAN2_TX_IRQHandler
                0x080004d8                TIM5_IRQHandler
                0x080004d8                DMA2_Stream7_IRQHandler
                0x080004d8                I2C3_EV_IRQHandler
                0x080004d8                EXTI9_5_IRQHandler
                0x080004d8                RTC_WKUP_IRQHandler
                0x080004d8                ETH_WKUP_IRQHandler
                0x080004d8                SPI2_IRQHandler
                0x080004d8                OTG_HS_EP1_IN_IRQHandler
                0x080004d8                MemManage_Handler
                0x080004d8                DMA1_Stream0_IRQHandler
                0x080004d8                CAN1_TX_IRQHandler
                0x080004d8                SVC_Handler
                0x080004d8                EXTI4_IRQHandler
                0x080004d8                FSMC_IRQHandler
                0x080004d8                ETH_IRQHandler
                0x080004d8                OTG_HS_EP1_OUT_IRQHandler
                0x080004d8                WWDG_IRQHandler
                0x080004d8                TIM2_IRQHandler
                0x080004d8                OTG_FS_WKUP_IRQHandler
                0x080004d8                TIM1_TRG_COM_TIM11_IRQHandler
                0x080004d8                OTG_HS_IRQHandler
                0x080004d8                EXTI1_IRQHandler
                0x080004d8                USART2_IRQHandler
                0x080004d8                I2C2_ER_IRQHandler
                0x080004d8                DMA2_Stream1_IRQHandler
                0x080004d8                CAN1_SCE_IRQHandler
                0x080004d8                FLASH_IRQHandler
                0x080004d8                DMA2_Stream4_IRQHandler
                0x080004d8                BusFault_Handler
                0x080004d8                USART1_IRQHandler
                0x080004d8                OTG_FS_IRQHandler
                0x080004d8                SPI3_IRQHandler
                0x080004d8                DMA1_Stream4_IRQHandler
                0x080004d8                I2C1_ER_IRQHandler
                0x080004d8                DMA2_Stream6_IRQHandler
                0x080004d8                DMA1_Stream3_IRQHandler
 .text.drv_test
                0x080004e0      0x1d4 ..\obj\main.o
                0x080004e0                drv_test
 .text.task_a   0x080006b4       0x10 ..\obj\main.o
                0x080006b4                task_a
 .text.task_b   0x080006c4       0x10 ..\obj\main.o
                0x080006c4                task_b
 .text.task_c   0x080006d4       0x10 ..\obj\main.o
                0x080006d4                task_c
 .text.task_d   0x080006e4       0x10 ..\obj\main.o
                0x080006e4                task_d
 .text.info_entrance
                0x080006f4       0x10 ..\obj\main.o
                0x080006f4                info_entrance
 .text.info_a   0x08000704       0x10 ..\obj\main.o
                0x08000704                info_a
 .text.info_b   0x08000714       0x10 ..\obj\main.o
                0x08000714                info_b
 .text.info_c   0x08000724       0x10 ..\obj\main.o
                0x08000724                info_c
 .text.info_d   0x08000734       0x10 ..\obj\main.o
                0x08000734                info_d
 .text.info_e   0x08000744       0x10 ..\obj\main.o
                0x08000744                info_e
 .text.target_init
                0x08000754       0x34 ..\obj\main.o
                0x08000754                target_init
 .text.main     0x08000788       0x30 ..\obj\main.o
                0x08000788                main
 .text.RCC_AHB1PeriphClockCmd
                0x080007b8       0x54 ..\obj\stm32f4xx_rcc.o
                0x080007b8                RCC_AHB1PeriphClockCmd
 .text.RCC_APB1PeriphClockCmd
                0x0800080c       0x54 ..\obj\stm32f4xx_rcc.o
                0x0800080c                RCC_APB1PeriphClockCmd
 .text._csd2bautrate
                0x08000860       0x60 ..\obj\sd_spi.o
 .text._is_present
                0x080008c0       0x64 ..\obj\sd_spi.o
 .text._is_write_protected
                0x08000924       0x64 ..\obj\sd_spi.o
 .text._power_status
                0x08000988       0x2c ..\obj\sd_spi.o
 .text._power_pin
                0x080009b4       0x74 ..\obj\sd_spi.o
 .text._select  0x08000a28       0x5c ..\obj\sd_spi.o
 .text._spi_rw  0x08000a84       0x5c ..\obj\sd_spi.o
 .text._spi_rx  0x08000ae0       0x20 ..\obj\sd_spi.o
 .text._wait_ready
                0x08000b00       0x58 ..\obj\sd_spi.o
 .text._release
                0x08000b58       0x20 ..\obj\sd_spi.o
 .text._spi_deinit
                0x08000b78       0x88 ..\obj\sd_spi.o
 .text._spi_init
                0x08000c00       0x88 ..\obj\sd_spi.o
 .text._power   0x08000c88      0x128 ..\obj\sd_spi.o
 .text._rx_datablock
                0x08000db0       0xc8 ..\obj\sd_spi.o
 .text._tx_datablock
                0x08000e78       0x94 ..\obj\sd_spi.o
 .text._send_command
                0x08000f0c      0x10c ..\obj\sd_spi.o
 .text.sd_link_cd
                0x08001018       0x40 ..\obj\sd_spi.o
                0x08001018                sd_link_cd
 .text.sd_link_cs
                0x08001058       0x44 ..\obj\sd_spi.o
                0x08001058                sd_link_cs
 .text.sd_link_pw
                0x0800109c       0x44 ..\obj\sd_spi.o
                0x0800109c                sd_link_pw
 .text.sd_link_spi_ioctl
                0x080010e0       0x44 ..\obj\sd_spi.o
                0x080010e0                sd_link_spi_ioctl
 .text.sd_link_spi_rw
                0x08001124       0x44 ..\obj\sd_spi.o
                0x08001124                sd_link_spi_rw
 .text.sd_link_spi
                0x08001168       0x44 ..\obj\sd_spi.o
                0x08001168                sd_link_spi
 .text.sd_service
                0x080011ac      0x150 ..\obj\sd_spi.o
                0x080011ac                sd_service
 .text.sd_deinit
                0x080012fc       0x74 ..\obj\sd_spi.o
                0x080012fc                sd_deinit
 .text.sd_init  0x08001370      0x484 ..\obj\sd_spi.o
                0x08001370                sd_init
 .text.sd_read  0x080017f4      0x150 ..\obj\sd_spi.o
                0x080017f4                sd_read
 .text.sd_write
                0x08001944      0x198 ..\obj\sd_spi.o
                0x08001944                sd_write
 .text.sd_ioctl
                0x08001adc      0x578 ..\obj\sd_spi.o
                0x08001adc                sd_ioctl
 .text.GPIO_Init
                0x08002054      0x144 ..\obj\stm32f4xx_gpio.o
                0x08002054                GPIO_Init
 .text.SystemCoreClockUpdate
                0x08002198      0x17c ..\obj\system_stm32f4xx.o
                0x08002198                SystemCoreClockUpdate
 .text.jf_link_setfreq
                0x08002314       0x24 ..\obj\jiffies.o
                0x08002314                jf_link_setfreq
 .text.jf_link_value
                0x08002338       0x24 ..\obj\jiffies.o
                0x08002338                jf_link_value
 .text.jf_probe
                0x0800235c       0x1c ..\obj\jiffies.o
                0x0800235c                jf_probe
 .text.jf_init  0x08002378       0x8c ..\obj\jiffies.o
                0x08002378                jf_init
 .text.jf_per_usec
                0x08002404       0x50 ..\obj\jiffies.o
                0x08002404                jf_per_usec
 .text.jf_delay_us
                0x08002454       0x9c ..\obj\jiffies.o
                0x08002454                jf_delay_us
 .text.SysTick_Handler
                0x080024f0       0xc4 ..\obj\stm32f4xx_systick.o
                0x080024f0                SysTick_Handler
 .text.SysTick_Init
                0x080025b4       0x58 ..\obj\stm32f4xx_systick.o
                0x080025b4                SysTick_Init
 .text.get_freq
                0x0800260c       0x18 ..\obj\stm32f4xx_systick.o
                0x0800260c                get_freq
 .text.service_add
                0x08002624       0x64 ..\obj\stm32f4xx_systick.o
                0x08002624                service_add
 .text.time     0x08002688       0x34 ..\obj\stm32f4xx_systick.o
                0x08002688                time
 .text.spi_link_mosi
                0x080026bc       0x1c ..\obj\spi_bb.o
                0x080026bc                spi_link_mosi
 .text.spi_link_miso
                0x080026d8       0x1c ..\obj\spi_bb.o
                0x080026d8                spi_link_miso
 .text.spi_link_sclk
                0x080026f4       0x1c ..\obj\spi_bb.o
                0x080026f4                spi_link_sclk
 .text.spi_set_freq
                0x08002710       0x38 ..\obj\spi_bb.o
                0x08002710                spi_set_freq
 .text.spi_set_cpol
                0x08002748       0x28 ..\obj\spi_bb.o
                0x08002748                spi_set_cpol
 .text.spi_set_cpha
                0x08002770       0x28 ..\obj\spi_bb.o
                0x08002770                spi_set_cpha
 .text.spi_set_nss
                0x08002798       0x28 ..\obj\spi_bb.o
                0x08002798                spi_set_nss
 .text.spi_deinit
                0x080027c0       0x5c ..\obj\spi_bb.o
                0x080027c0                spi_deinit
 .text.spi_init
                0x0800281c       0xb4 ..\obj\spi_bb.o
                0x0800281c                spi_init
 .text.spi_rw   0x080028d0      0x158 ..\obj\spi_bb.o
                0x080028d0                spi_rw
 .text.spi_ioctl
                0x08002a28       0x90 ..\obj\spi_bb.o
                0x08002a28                spi_ioctl
 .text.memset   0x08002ab8      0x12c c:/gccarm/bin/../lib/gcc/arm-none-eabi/4.7.3/../../../../arm-none-eabi/lib/armv7e-m\libg.a(lib_a-memset.o)
                0x08002ab8                memset
 *(.init)
 *(.fini)
 *crtbegin.o(.ctors)
 *crtbegin?.o(.ctors)
 *(EXCLUDE_FILE(*crtend.o *crtend?.o) .ctors)
 *(SORT(.ctors.*))
 *(.ctors)
 *crtbegin.o(.dtors)
 *crtbegin?.o(.dtors)
 *(EXCLUDE_FILE(*crtend.o *crtend?.o) .dtors)
 *(SORT(.dtors.*))
 *(.dtors)
 *(.rodata*)
 .rodata        0x08002be4      0x330 ..\obj\main.o
                0x08002cd0                main_menu
                0x08002db4                info_menu
                0x08002eb8                cb
 *(.eh_fram e*)

.glue_7         0x08002f14        0x0
 .glue_7        0x00000000        0x0 linker stubs

.glue_7t        0x08002f14        0x0
 .glue_7t       0x00000000        0x0 linker stubs

.vfp11_veneer   0x08002f14        0x0
 .vfp11_veneer  0x00000000        0x0 linker stubs

.v4_bx          0x08002f14        0x0
 .v4_bx         0x00000000        0x0 linker stubs

.iplt           0x08002f14        0x0
 .iplt          0x00000000        0x0 ..\obj\tui_timebox.o

.rel.dyn        0x08002f14        0x0
 .rel.iplt      0x00000000        0x0 ..\obj\tui_timebox.o

.ARM.extab
 *(.ARM.extab* .gnu.linkonce.armextab.*)
                0x08002f14                __exidx_start = .

.ARM.exidx
 *(.ARM.exidx* .gnu.linkonce.armexidx.*)
                0x08002f14                __exidx_end = .
                0x08002f14                __etext = .
                0x08002f14                _sidata = __etext

.data           0x20000000      0x214 load address 0x08002f14
                0x20000000                __data_start__ = .
                0x20000000                _sdata = __data_start__
 *(vtable)
 *(.data*)
 .data          0x20000000      0x200 ..\obj\main.o
                0x20000000                play
 .data          0x20000200       0x14 ..\obj\system_stm32f4xx.o
                0x20000200                SystemCoreClock
                0x20000204                AHBPrescTable
                0x20000214                . = ALIGN (0x4)
                0x20000214                PROVIDE (__preinit_array_start, .)
 *(.preinit_array)
                0x20000214                PROVIDE (__preinit_array_end, .)
                0x20000214                . = ALIGN (0x4)
                0x20000214                PROVIDE (__init_array_start, .)
 *(SORT(.init_array.*))
 *(.init_array)
                0x20000214                PROVIDE (__init_array_end, .)
                0x20000214                . = ALIGN (0x4)
                0x20000214                PROVIDE (__fini_array_start, .)
 *(SORT(.fini_array.*))
 *(.fini_array)
                0x20000214                PROVIDE (__fini_array_end, .)
 *(.jcr*)
                0x20000214                . = ALIGN (0x4)
                0x20000214                __data_end__ = .
                0x20000214                _edata = __data_end__

.igot.plt       0x20000214        0x0 load address 0x08003128
 .igot.plt      0x00000000        0x0 ..\obj\tui_timebox.o

.bss            0x20000214      0x3b0 load address 0x08003128
                0x20000214                . = ALIGN (0x4)
                0x20000214                __bss_start__ = .
                0x20000214                _sbss = __bss_start__
 *(.bss*)
 .bss           0x20000214       0x5c ..\obj\sd_spi.o
 .bss           0x20000270       0x18 ..\obj\jiffies.o
 .bss           0x20000288       0x54 ..\obj\stm32f4xx_systick.o
 *(COMMON)
 COMMON         0x200002dc      0x2e0 ..\obj\main.o
                0x200002dc                buffer
                0x200004dc                tuid
                0x20000568                tui
                0x200005a4                spi
 COMMON         0x200005bc        0x8 ..\obj\stm32f4xx_systick.o
                0x200005bc                Ticks
                0x200005c0                Now
                0x200005c4                . = ALIGN (0x4)
                0x200005c4                __bss_end__ = .
                0x200005c4                _ebss = __bss_end__

.heap           0x200005c4        0x0
                0x200005c4                __end__ = .
                0x200005c4                _end = __end__
                0x200005c4                end = __end__
 *(.heap*)
                0x200005c4                __HeapLimit = .

.co_stack       0x200005c4     0x2004 load address 0x080034d8
                0x200005c8                . = ALIGN (0x8)
 *fill*         0x200005c4        0x4 00
 *(.co_stack .co_stack.*)
 .co_stack      0x200005c8     0x2000 ..\obj\startup_stm32f4xx.o
                0x200005c8                pulStack
                0x20020000                __StackTop = (ORIGIN (ram) + 0x20000)
                0x2001dffc                __StackLimit = (__StackTop - SIZEOF (.co_stack))
                0x20020000                PROVIDE (__stack, __StackTop)
                0x00000001                ASSERT ((__StackLimit >= __HeapLimit), region ram  overflowed with stack)
LOAD ..\obj\tui_timebox.o
LOAD ..\obj\tui_textboxd.o
LOAD ..\obj\STM32F4_Discovery.o
LOAD ..\obj\tui_menu.o
LOAD ..\obj\tui_timeboxd.o
LOAD ..\obj\jtype.o
LOAD ..\obj\tui_menud.o
LOAD ..\obj\startup_stm32f4xx.o
LOAD ..\obj\_vsxprintf.o
LOAD ..\obj\ntc3997k.o
LOAD ..\obj\moving_av.o
LOAD ..\obj\pt100x.o
LOAD ..\obj\sensors_lut.o
LOAD ..\obj\main.o
LOAD ..\obj\stm32f4xx_rcc.o
LOAD ..\obj\stime.o
LOAD ..\obj\printf.o
LOAD ..\obj\tuid.o
LOAD ..\obj\ktyx.o
LOAD ..\obj\aes.o
LOAD ..\obj\tui_valueboxd.o
LOAD ..\obj\sd_spi.o
LOAD ..\obj\tui.o
LOAD ..\obj\stm32f4xx_gpio.o
LOAD ..\obj\md5.o
LOAD ..\obj\system_stm32f4xx.o
LOAD ..\obj\jiffies.o
LOAD ..\obj\syscalls.o
LOAD ..\obj\i2c_pol.o
LOAD ..\obj\tui_comboboxd.o
LOAD ..\obj\sha1.o
LOAD ..\obj\sha2.o
LOAD ..\obj\stm32f4xx_systick.o
LOAD ..\obj\alcd.o
LOAD ..\obj\stm32f4xx_spi.o
LOAD ..\obj\sha3.o
LOAD ..\obj\sprintf.o
LOAD ..\obj\tui_cmn.o
LOAD ..\obj\leaky_int.o
LOAD ..\obj\tui_combobox.o
LOAD ..\obj\tui_textbox.o
LOAD ..\obj\tui_valuebox.o
LOAD ..\obj\buttons.o
LOAD ..\obj\sim_ee.o
LOAD ..\obj\pid.o
LOAD ..\obj\tne.o
LOAD ..\obj\des.o
LOAD ..\obj\stm32f4xx_tim.o
LOAD ..\obj\ee_i2c_pol.o
LOAD ..\obj\spi_bb.o
LOAD c:/gccarm/bin/../lib/gcc/arm-none-eabi/4.7.3/../../../../arm-none-eabi/lib/armv7e-m\libm.a
START GROUP
LOAD c:/gccarm/bin/../lib/gcc/arm-none-eabi/4.7.3/armv7e-m\libgcc.a
LOAD c:/gccarm/bin/../lib/gcc/arm-none-eabi/4.7.3/../../../../arm-none-eabi/lib/armv7e-m\libg.a
LOAD c:/gccarm/bin/../lib/gcc/arm-none-eabi/4.7.3/../../../../arm-none-eabi/lib/armv7e-m\libc.a
END GROUP
OUTPUT(coocox_ex.elf elf32-littlearm)

.debug_info     0x00000000     0x45b4
 .debug_info    0x00000000      0x61c ..\obj\STM32F4_Discovery.o
 .debug_info    0x0000061c      0x103 ..\obj\startup_stm32f4xx.o
 .debug_info    0x0000071f      0xedf ..\obj\main.o
 .debug_info    0x000015fe      0xd49 ..\obj\stm32f4xx_rcc.o
 .debug_info    0x00002347      0xb20 ..\obj\sd_spi.o
 .debug_info    0x00002e67      0x640 ..\obj\stm32f4xx_gpio.o
 .debug_info    0x000034a7      0x5f9 ..\obj\system_stm32f4xx.o
 .debug_info    0x00003aa0      0x2c8 ..\obj\jiffies.o
 .debug_info    0x00003d68      0x331 ..\obj\stm32f4xx_systick.o
 .debug_info    0x00004099      0x51b ..\obj\spi_bb.o

.debug_abbrev   0x00000000     0x1011
 .debug_abbrev  0x00000000      0x189 ..\obj\STM32F4_Discovery.o
 .debug_abbrev  0x00000189       0xb2 ..\obj\startup_stm32f4xx.o
 .debug_abbrev  0x0000023b      0x27c ..\obj\main.o
 .debug_abbrev  0x000004b7      0x1e5 ..\obj\stm32f4xx_rcc.o
 .debug_abbrev  0x0000069c      0x207 ..\obj\sd_spi.o
 .debug_abbrev  0x000008a3      0x1a5 ..\obj\stm32f4xx_gpio.o
 .debug_abbrev  0x00000a48      0x13a ..\obj\system_stm32f4xx.o
 .debug_abbrev  0x00000b82      0x120 ..\obj\jiffies.o
 .debug_abbrev  0x00000ca2      0x1bd ..\obj\stm32f4xx_systick.o
 .debug_abbrev  0x00000e5f      0x1b2 ..\obj\spi_bb.o

.debug_loc      0x00000000     0x2096
 .debug_loc     0x00000000      0x200 ..\obj\STM32F4_Discovery.o
 .debug_loc     0x00000200       0x64 ..\obj\startup_stm32f4xx.o
 .debug_loc     0x00000264      0x374 ..\obj\main.o
 .debug_loc     0x000005d8      0x97c ..\obj\stm32f4xx_rcc.o
 .debug_loc     0x00000f54      0x6ca ..\obj\sd_spi.o
 .debug_loc     0x0000161e      0x310 ..\obj\stm32f4xx_gpio.o
 .debug_loc     0x0000192e       0x9c ..\obj\system_stm32f4xx.o
 .debug_loc     0x000019ca      0x1e8 ..\obj\jiffies.o
 .debug_loc     0x00001bb2      0x1d4 ..\obj\stm32f4xx_systick.o
 .debug_loc     0x00001d86      0x310 ..\obj\spi_bb.o

.debug_aranges  0x00000000      0x5c8
 .debug_aranges
                0x00000000       0x68 ..\obj\STM32F4_Discovery.o
 .debug_aranges
                0x00000068       0x28 ..\obj\startup_stm32f4xx.o
 .debug_aranges
                0x00000090       0xa8 ..\obj\main.o
 .debug_aranges
                0x00000138      0x178 ..\obj\stm32f4xx_rcc.o
 .debug_aranges
                0x000002b0      0x110 ..\obj\sd_spi.o
 .debug_aranges
                0x000003c0       0x88 ..\obj\stm32f4xx_gpio.o
 .debug_aranges
                0x00000448       0x30 ..\obj\system_stm32f4xx.o
 .debug_aranges
                0x00000478       0x68 ..\obj\jiffies.o
 .debug_aranges
                0x000004e0       0x60 ..\obj\stm32f4xx_systick.o
 .debug_aranges
                0x00000540       0x88 ..\obj\spi_bb.o

.debug_ranges   0x00000000      0x528
 .debug_ranges  0x00000000       0x58 ..\obj\STM32F4_Discovery.o
 .debug_ranges  0x00000058       0x18 ..\obj\startup_stm32f4xx.o
 .debug_ranges  0x00000070       0x98 ..\obj\main.o
 .debug_ranges  0x00000108      0x168 ..\obj\stm32f4xx_rcc.o
 .debug_ranges  0x00000270      0x100 ..\obj\sd_spi.o
 .debug_ranges  0x00000370       0x78 ..\obj\stm32f4xx_gpio.o
 .debug_ranges  0x000003e8       0x20 ..\obj\system_stm32f4xx.o
 .debug_ranges  0x00000408       0x58 ..\obj\jiffies.o
 .debug_ranges  0x00000460       0x50 ..\obj\stm32f4xx_systick.o
 .debug_ranges  0x000004b0       0x78 ..\obj\spi_bb.o

.debug_line     0x00000000     0x2052
 .debug_line    0x00000000      0x296 ..\obj\STM32F4_Discovery.o
 .debug_line    0x00000296       0xa4 ..\obj\startup_stm32f4xx.o
 .debug_line    0x0000033a      0x518 ..\obj\main.o
 .debug_line    0x00000852      0x512 ..\obj\stm32f4xx_rcc.o
 .debug_line    0x00000d64      0x6d7 ..\obj\sd_spi.o
 .debug_line    0x0000143b      0x2b6 ..\obj\stm32f4xx_gpio.o
 .debug_line    0x000016f1      0x18c ..\obj\system_stm32f4xx.o
 .debug_line    0x0000187d      0x1f4 ..\obj\jiffies.o
 .debug_line    0x00001a71      0x2e0 ..\obj\stm32f4xx_systick.o
 .debug_line    0x00001d51      0x301 ..\obj\spi_bb.o

.debug_str      0x00000000     0x1629
 .debug_str     0x00000000      0x3e5 ..\obj\STM32F4_Discovery.o
                                0x421 (size before relaxing)
 .debug_str     0x000003e5       0xb3 ..\obj\startup_stm32f4xx.o
                                0x117 (size before relaxing)
 .debug_str     0x00000498      0x40c ..\obj\main.o
                                0x62e (size before relaxing)
 .debug_str     0x000008a4      0x65c ..\obj\stm32f4xx_rcc.o
                                0x7f6 (size before relaxing)
 .debug_str     0x00000f00      0x1fb ..\obj\sd_spi.o
                                0x39b (size before relaxing)
 .debug_str     0x000010fb      0x1a6 ..\obj\stm32f4xx_gpio.o
                                0x446 (size before relaxing)
 .debug_str     0x000012a1      0x10b ..\obj\system_stm32f4xx.o
                                0x350 (size before relaxing)
 .debug_str     0x000013ac       0xcb ..\obj\jiffies.o
                                0x226 (size before relaxing)
 .debug_str     0x00001477      0x104 ..\obj\stm32f4xx_systick.o
                                0x222 (size before relaxing)
 .debug_str     0x0000157b       0xae ..\obj\spi_bb.o
                                0x284 (size before relaxing)

.comment        0x00000000       0x70
 .comment       0x00000000       0x70 ..\obj\STM32F4_Discovery.o
                                 0x71 (size before relaxing)
 .comment       0x00000000       0x71 ..\obj\startup_stm32f4xx.o
 .comment       0x00000000       0x71 ..\obj\main.o
 .comment       0x00000000       0x71 ..\obj\stm32f4xx_rcc.o
 .comment       0x00000000       0x71 ..\obj\sd_spi.o
 .comment       0x00000000       0x71 ..\obj\stm32f4xx_gpio.o
 .comment       0x00000000       0x71 ..\obj\system_stm32f4xx.o
 .comment       0x00000000       0x71 ..\obj\jiffies.o
 .comment       0x00000000       0x71 ..\obj\stm32f4xx_systick.o
 .comment       0x00000000       0x71 ..\obj\spi_bb.o

.ARM.attributes
                0x00000000       0x33
 .ARM.attributes
                0x00000000       0x33 ..\obj\STM32F4_Discovery.o
 .ARM.attributes
                0x00000033       0x33 ..\obj\startup_stm32f4xx.o
 .ARM.attributes
                0x00000066       0x33 ..\obj\main.o
 .ARM.attributes
                0x00000099       0x33 ..\obj\stm32f4xx_rcc.o
 .ARM.attributes
                0x000000cc       0x33 ..\obj\sd_spi.o
 .ARM.attributes
                0x000000ff       0x33 ..\obj\stm32f4xx_gpio.o
 .ARM.attributes
                0x00000132       0x33 ..\obj\system_stm32f4xx.o
 .ARM.attributes
                0x00000165       0x33 ..\obj\jiffies.o
 .ARM.attributes
                0x00000198       0x33 ..\obj\stm32f4xx_systick.o
 .ARM.attributes
                0x000001cb       0x33 ..\obj\spi_bb.o
 .ARM.attributes
                0x000001fe       0x2e c:/gccarm/bin/../lib/gcc/arm-none-eabi/4.7.3/../../../../arm-none-eabi/lib/armv7e-m\libg.a(lib_a-memset.o)

.debug_frame    0x00000000     0x120c
 .debug_frame   0x00000000      0x128 ..\obj\STM32F4_Discovery.o
 .debug_frame   0x00000128       0x48 ..\obj\startup_stm32f4xx.o
 .debug_frame   0x00000170      0x200 ..\obj\main.o
 .debug_frame   0x00000370      0x4d8 ..\obj\stm32f4xx_rcc.o
 .debug_frame   0x00000848      0x3c4 ..\obj\sd_spi.o
 .debug_frame   0x00000c0c      0x19c ..\obj\stm32f4xx_gpio.o
 .debug_frame   0x00000da8       0x64 ..\obj\system_stm32f4xx.o
 .debug_frame   0x00000e0c      0x118 ..\obj\jiffies.o
 .debug_frame   0x00000f24      0x10c ..\obj\stm32f4xx_systick.o
 .debug_frame   0x00001030      0x1b0 ..\obj\spi_bb.o
 .debug_frame   0x000011e0       0x2c c:/gccarm/bin/../lib/gcc/arm-none-eabi/4.7.3/../../../../arm-none-eabi/lib/armv7e-m\libg.a(lib_a-memset.o)
