Archive member included because of file (symbol)

c:/program files/gnu tools arm embedded/4.9 2014q4/bin/../lib/gcc/arm-none-eabi/4.9.3/../../../../arm-none-eabi/lib/armv7e-m\libm.a(lib_a-csqrt.o)
                              ..\obj\vectors.o (csqrt)
c:/program files/gnu tools arm embedded/4.9 2014q4/bin/../lib/gcc/arm-none-eabi/4.9.3/../../../../arm-none-eabi/lib/armv7e-m\libm.a(lib_a-s_cos.o)
                              ..\obj\vectors.o (cos)
c:/program files/gnu tools arm embedded/4.9 2014q4/bin/../lib/gcc/arm-none-eabi/4.9.3/../../../../arm-none-eabi/lib/armv7e-m\libm.a(lib_a-s_fabs.o)
                              c:/program files/gnu tools arm embedded/4.9 2014q4/bin/../lib/gcc/arm-none-eabi/4.9.3/../../../../arm-none-eabi/lib/armv7e-m\libm.a(lib_a-csqrt.o) (fabs)
c:/program files/gnu tools arm embedded/4.9 2014q4/bin/../lib/gcc/arm-none-eabi/4.9.3/../../../../arm-none-eabi/lib/armv7e-m\libm.a(lib_a-s_fpclassify.o)
                              ..\obj\_vsxprintf.o (__fpclassifyd)
c:/program files/gnu tools arm embedded/4.9 2014q4/bin/../lib/gcc/arm-none-eabi/4.9.3/../../../../arm-none-eabi/lib/armv7e-m\libm.a(lib_a-s_round.o)
                              ..\obj\_vsxprintf.o (round)
c:/program files/gnu tools arm embedded/4.9 2014q4/bin/../lib/gcc/arm-none-eabi/4.9.3/../../../../arm-none-eabi/lib/armv7e-m\libm.a(lib_a-s_sin.o)
                              ..\obj\vectors.o (sin)
c:/program files/gnu tools arm embedded/4.9 2014q4/bin/../lib/gcc/arm-none-eabi/4.9.3/../../../../arm-none-eabi/lib/armv7e-m\libm.a(lib_a-s_tan.o)
                              ..\obj\spa_grena.o (tan)
c:/program files/gnu tools arm embedded/4.9 2014q4/bin/../lib/gcc/arm-none-eabi/4.9.3/../../../../arm-none-eabi/lib/armv7e-m\libm.a(lib_a-s_trunc.o)
                              ..\obj\spa_grena.o (trunc)
c:/program files/gnu tools arm embedded/4.9 2014q4/bin/../lib/gcc/arm-none-eabi/4.9.3/../../../../arm-none-eabi/lib/armv7e-m\libm.a(lib_a-w_asin.o)
                              ..\obj\spa_grena.o (asin)
c:/program files/gnu tools arm embedded/4.9 2014q4/bin/../lib/gcc/arm-none-eabi/4.9.3/../../../../arm-none-eabi/lib/armv7e-m\libm.a(lib_a-w_atan2.o)
                              ..\obj\vectors.o (atan2)
c:/program files/gnu tools arm embedded/4.9 2014q4/bin/../lib/gcc/arm-none-eabi/4.9.3/../../../../arm-none-eabi/lib/armv7e-m\libm.a(lib_a-w_fmod.o)
                              ..\obj\spa_grena.o (fmod)
c:/program files/gnu tools arm embedded/4.9 2014q4/bin/../lib/gcc/arm-none-eabi/4.9.3/../../../../arm-none-eabi/lib/armv7e-m\libm.a(lib_a-w_sqrt.o)
                              ..\obj\vectors.o (sqrt)
c:/program files/gnu tools arm embedded/4.9 2014q4/bin/../lib/gcc/arm-none-eabi/4.9.3/../../../../arm-none-eabi/lib/armv7e-m\libm.a(lib_a-cabs.o)
                              c:/program files/gnu tools arm embedded/4.9 2014q4/bin/../lib/gcc/arm-none-eabi/4.9.3/../../../../arm-none-eabi/lib/armv7e-m\libm.a(lib_a-csqrt.o) (cabs)
c:/program files/gnu tools arm embedded/4.9 2014q4/bin/../lib/gcc/arm-none-eabi/4.9.3/../../../../arm-none-eabi/lib/armv7e-m\libm.a(lib_a-cimag.o)
                              c:/program files/gnu tools arm embedded/4.9 2014q4/bin/../lib/gcc/arm-none-eabi/4.9.3/../../../../arm-none-eabi/lib/armv7e-m\libm.a(lib_a-csqrt.o) (cimag)
c:/program files/gnu tools arm embedded/4.9 2014q4/bin/../lib/gcc/arm-none-eabi/4.9.3/../../../../arm-none-eabi/lib/armv7e-m\libm.a(lib_a-creal.o)
                              c:/program files/gnu tools arm embedded/4.9 2014q4/bin/../lib/gcc/arm-none-eabi/4.9.3/../../../../arm-none-eabi/lib/armv7e-m\libm.a(lib_a-csqrt.o) (creal)
c:/program files/gnu tools arm embedded/4.9 2014q4/bin/../lib/gcc/arm-none-eabi/4.9.3/../../../../arm-none-eabi/lib/armv7e-m\libm.a(lib_a-e_asin.o)
                              c:/program files/gnu tools arm embedded/4.9 2014q4/bin/../lib/gcc/arm-none-eabi/4.9.3/../../../../arm-none-eabi/lib/armv7e-m\libm.a(lib_a-w_asin.o) (__ieee754_asin)
c:/program files/gnu tools arm embedded/4.9 2014q4/bin/../lib/gcc/arm-none-eabi/4.9.3/../../../../arm-none-eabi/lib/armv7e-m\libm.a(lib_a-e_atan2.o)
                              c:/program files/gnu tools arm embedded/4.9 2014q4/bin/../lib/gcc/arm-none-eabi/4.9.3/../../../../arm-none-eabi/lib/armv7e-m\libm.a(lib_a-w_atan2.o) (__ieee754_atan2)
c:/program files/gnu tools arm embedded/4.9 2014q4/bin/../lib/gcc/arm-none-eabi/4.9.3/../../../../arm-none-eabi/lib/armv7e-m\libm.a(lib_a-e_fmod.o)
                              c:/program files/gnu tools arm embedded/4.9 2014q4/bin/../lib/gcc/arm-none-eabi/4.9.3/../../../../arm-none-eabi/lib/armv7e-m\libm.a(lib_a-w_fmod.o) (__ieee754_fmod)
c:/program files/gnu tools arm embedded/4.9 2014q4/bin/../lib/gcc/arm-none-eabi/4.9.3/../../../../arm-none-eabi/lib/armv7e-m\libm.a(lib_a-e_rem_pio2.o)
[...]
Memory Configuration

Name             Origin             Length             Attributes
rom              0x08000000         0x00100000         xr
ram              0x20000000         0x00020000         xrw
ram1             0x10000000         0x00010000         xrw
*default*        0x00000000         0xffffffff

Linker script and memory map

                0x20020000                _eram = 0x20020000

.text           0x08000000     0x5204
 *(.isr_vector)
 .isr_vector    0x08000000      0x188 ..\obj\startup_stm32f4xx.o
                0x08000000                g_pfnVectors
 *(.text*)
 .text.vpolar_cd
                0x08000188       0xa0 ..\obj\vectors.o
                0x08000188                vpolar_cd
 .text._log2    0x08000228       0x30 ..\obj\fft.o
 .text._pow2    0x08000258       0x38 ..\obj\fft.o
 .text._bit_reverse_c
                0x08000290       0xf0 ..\obj\fft.o
 .text.fft_c    0x08000380      0x280 ..\obj\fft.o
                0x08000380                fft_c
 .text.fft_r    0x08000600      0x4f8 ..\obj\fft.o
                0x08000600                fft_r
 .text.ifft_r   0x08000af8       0xf0 ..\obj\fft.o
                0x08000af8                ifft_r
 .text.CLK_Config
                0x08000be8       0x68 ..\obj\STM32F4_Discovery.o
                0x08000be8                CLK_Config
 .text.PWR_MainRegulatorModeConfig
                0x08000c50       0x38 ..\obj\stm32f4xx_pwr.o
                0x08000c50                PWR_MainRegulatorModeConfig
 .text.Default_Reset_Handler
                0x08000c88       0x58 ..\obj\startup_stm32f4xx.o
                0x08000c88                Default_Reset_Handler
                0x08000c88                Reset_Handler
 .text.Default_Handler
                0x08000ce0        0x8 ..\obj\startup_stm32f4xx.o
                0x08000ce0                RTC_Alarm_IRQHandler
                0x08000ce0                HASH_RNG_IRQHandler
                0x08000ce0                EXTI2_IRQHandler
                0x08000ce0                TIM8_CC_IRQHandler
                0x08000ce0                DebugMon_Handler
                0x08000ce0                TIM1_CC_IRQHandler
                0x08000ce0                DMA2_Stream5_IRQHandler
                0x08000ce0                HardFault_Handler
                0x08000ce0                DMA1_Stream5_IRQHandler
                0x08000ce0                PVD_IRQHandler
                0x08000ce0                SDIO_IRQHandler
                0x08000ce0                TAMP_STAMP_IRQHandler
                0x08000ce0                PendSV_Handler
                0x08000ce0                NMI_Handler
                0x08000ce0                CAN2_RX1_IRQHandler
                0x08000ce0                EXTI3_IRQHandler
                0x08000ce0                TIM8_TRG_COM_TIM14_IRQHandler
                0x08000ce0                TIM1_UP_TIM10_IRQHandler
                0x08000ce0                TIM8_UP_TIM13_IRQHandler
                0x08000ce0                I2C3_ER_IRQHandler
                0x08000ce0                EXTI0_IRQHandler
                0x08000ce0                I2C2_EV_IRQHandler
                0x08000ce0                DMA1_Stream2_IRQHandler
                0x08000ce0                CAN1_RX0_IRQHandler
                0x08000ce0                FPU_IRQHandler
                0x08000ce0                OTG_HS_WKUP_IRQHandler
                0x08000ce0                UsageFault_Handler
                0x08000ce0                CAN2_SCE_IRQHandler
                0x08000ce0                DMA2_Stream2_IRQHandler
                0x08000ce0                SPI1_IRQHandler
                0x08000ce0                TIM6_DAC_IRQHandler
                0x08000ce0                TIM1_BRK_TIM9_IRQHandler
                0x08000ce0                DCMI_IRQHandler
                0x08000ce0                CAN2_RX0_IRQHandler
                0x08000ce0                DMA2_Stream3_IRQHandler
                0x08000ce0                USART6_IRQHandler
                0x08000ce0                USART3_IRQHandler
                0x08000ce0                CRYP_IRQHandler
                0x08000ce0                CAN1_RX1_IRQHandler
                0x08000ce0                UART5_IRQHandler
                0x08000ce0                DMA2_Stream0_IRQHandler
                0x08000ce0                TIM4_IRQHandler
                0x08000ce0                I2C1_EV_IRQHandler
                0x08000ce0                DMA1_Stream6_IRQHandler
                0x08000ce0                DMA1_Stream1_IRQHandler
                0x08000ce0                UART4_IRQHandler
                0x08000ce0                TIM3_IRQHandler
                0x08000ce0                RCC_IRQHandler
                0x08000ce0                TIM8_BRK_TIM12_IRQHandler
                0x08000ce0                EXTI15_10_IRQHandler
                0x08000ce0                ADC_IRQHandler
                0x08000ce0                DMA1_Stream7_IRQHandler
                0x08000ce0                TIM7_IRQHandler
                0x08000ce0                CAN2_TX_IRQHandler
                0x08000ce0                TIM5_IRQHandler
                0x08000ce0                DMA2_Stream7_IRQHandler
                0x08000ce0                I2C3_EV_IRQHandler
                0x08000ce0                EXTI9_5_IRQHandler
                0x08000ce0                RTC_WKUP_IRQHandler
                0x08000ce0                ETH_WKUP_IRQHandler
                0x08000ce0                SPI2_IRQHandler
                0x08000ce0                OTG_HS_EP1_IN_IRQHandler
                0x08000ce0                MemManage_Handler
                0x08000ce0                DMA1_Stream0_IRQHandler
                0x08000ce0                CAN1_TX_IRQHandler
                0x08000ce0                SVC_Handler
                0x08000ce0                EXTI4_IRQHandler
                0x08000ce0                FSMC_IRQHandler
                0x08000ce0                ETH_IRQHandler
                0x08000ce0                OTG_HS_EP1_OUT_IRQHandler
                0x08000ce0                WWDG_IRQHandler
                0x08000ce0                TIM2_IRQHandler
                0x08000ce0                OTG_FS_WKUP_IRQHandler
                0x08000ce0                TIM1_TRG_COM_TIM11_IRQHandler
                0x08000ce0                OTG_HS_IRQHandler
                0x08000ce0                EXTI1_IRQHandler
                0x08000ce0                USART2_IRQHandler
                0x08000ce0                I2C2_ER_IRQHandler
                0x08000ce0                DMA2_Stream1_IRQHandler
                0x08000ce0                CAN1_SCE_IRQHandler
                0x08000ce0                FLASH_IRQHandler
                0x08000ce0                DMA2_Stream4_IRQHandler
                0x08000ce0                BusFault_Handler
                0x08000ce0                USART1_IRQHandler
                0x08000ce0                OTG_FS_IRQHandler
                0x08000ce0                SPI3_IRQHandler
                0x08000ce0                DMA1_Stream4_IRQHandler
                0x08000ce0                I2C1_ER_IRQHandler
                0x08000ce0                DMA2_Stream6_IRQHandler
                0x08000ce0                DMA1_Stream3_IRQHandler
 .text._sinc    0x08000ce8       0x80 ..\obj\filter_wsinc.o
 .text._blackman
                0x08000d68       0xd8 ..\obj\filter_wsinc.o
 .text._hamming
                0x08000e40       0x90 ..\obj\filter_wsinc.o
 .text._barlett
                0x08000ed0       0x60 ..\obj\filter_wsinc.o
 .text._hanning
                0x08000f30       0x88 ..\obj\filter_wsinc.o
 .text._1tran_loop
                0x08000fb8      0x1a0 ..\obj\filter_wsinc.o
 .text._2tran_loop
                0x08001158      0x1e0 ..\obj\filter_wsinc.o
 .text.filter_wsinc_set_ftype
                0x08001338       0x28 ..\obj\filter_wsinc.o
                0x08001338                filter_wsinc_set_ftype
 .text.filter_wsinc_set_wtype
                0x08001360       0x54 ..\obj\filter_wsinc.o
                0x08001360                filter_wsinc_set_wtype
 .text.filter_wsinc_set_fc
                0x080013b4       0x2c ..\obj\filter_wsinc.o
                0x080013b4                filter_wsinc_set_fc
 .text.filter_wsinc_set_trbw
                0x080013e0       0x44 ..\obj\filter_wsinc.o
                0x080013e0                filter_wsinc_set_trbw
 .text.filter_wsinc_init
                0x08001424       0xa8 ..\obj\filter_wsinc.o
                0x08001424                filter_wsinc_init
 .text.init     0x080014cc       0x14 ..\obj\main.o
                0x080014cc                init
 .text.main     0x080014e0      0x330 ..\obj\main.o
                0x080014e0                main
 .text.RCC_PLLConfig
                0x08001810       0x3c ..\obj\stm32f4xx_rcc.o
                0x08001810                RCC_PLLConfig
 .text.RCC_PLLCmd
                0x0800184c       0x20 ..\obj\stm32f4xx_rcc.o
                0x0800184c                RCC_PLLCmd
 .text.RCC_SYSCLKConfig
                0x0800186c       0x38 ..\obj\stm32f4xx_rcc.o
                0x0800186c                RCC_SYSCLKConfig
 .text.RCC_GetSYSCLKSource
                0x080018a4       0x20 ..\obj\stm32f4xx_rcc.o
                0x080018a4                RCC_GetSYSCLKSource
 .text.RCC_GetFlagStatus
                0x080018c4       0x74 ..\obj\stm32f4xx_rcc.o
                0x080018c4                RCC_GetFlagStatus
 .text.FLASH_SetLatency
                0x08001938       0x20 ..\obj\stm32f4xx_flash.o
                0x08001938                FLASH_SetLatency
 .text.FLASH_PrefetchBufferCmd
                0x08001958       0x38 ..\obj\stm32f4xx_flash.o
                0x08001958                FLASH_PrefetchBufferCmd
 .text.FLASH_InstructionCacheCmd
                0x08001990       0x38 ..\obj\stm32f4xx_flash.o
                0x08001990                FLASH_InstructionCacheCmd
 .text.FLASH_DataCacheCmd
                0x080019c8       0x38 ..\obj\stm32f4xx_flash.o
                0x080019c8                FLASH_DataCacheCmd
 .text.SystemCoreClockUpdate
                0x08001a00       0xf8 ..\obj\system_stm32f4xx.o
                0x08001a00                SystemCoreClockUpdate
 .text._sbrk    0x08001af8       0x40 ..\obj\syscalls.o
                0x08001af8                _sbrk
 .text.SysTick_Handler
                0x08001b38       0x8c ..\obj\stm32f4xx_systick.o
                0x08001b38                SysTick_Handler
 .text.SysTick_Init
                0x08001bc4       0x40 ..\obj\stm32f4xx_systick.o
                0x08001bc4                SysTick_Init
 .text.conv_d   0x08001c04       0xd4 ..\obj\conv.o
                0x08001c04                conv_d
 .text.cos      0x08001cd8       0x88 c:/program files/gnu tools arm embedded/4.9 2014q4/bin/../lib/gcc/arm-none-eabi/4.9.3/../../../../arm-none-eabi/lib/armv7e-m\libm.a(lib_a-s_cos.o)
                0x08001cd8                cos
 .text.fabs     0x08001d60        0x8 c:/program files/gnu tools arm embedded/4.9 2014q4/bin/../lib/gcc/arm-none-eabi/4.9.3/../../../../arm-none-eabi/lib/armv7e-m\libm.a(lib_a-s_fabs.o)
                0x08001d60                fabs
 .text.__fpclassifyd
                0x08001d68       0x58 c:/program files/gnu tools arm embedded/4.9 2014q4/bin/../lib/gcc/arm-none-eabi/4.9.3/../../../../arm-none-eabi/lib/armv7e-m\libm.a(lib_a-s_fpclassify.o)
                0x08001d68                __fpclassifyd
 .text.sin      0x08001dc0       0x94 c:/program files/gnu tools arm embedded/4.9 2014q4/bin/../lib/gcc/arm-none-eabi/4.9.3/../../../../arm-none-eabi/lib/armv7e-m\libm.a(lib_a-s_sin.o)
                0x08001dc0                sin
 .text.atan2    0x08001e54        0x4 c:/program files/gnu tools arm embedded/4.9 2014q4/bin/../lib/gcc/arm-none-eabi/4.9.3/../../../../arm-none-eabi/lib/armv7e-m\libm.a(lib_a-w_atan2.o)
                0x08001e54                atan2
 .text.sqrt     0x08001e58       0xac c:/program files/gnu tools arm embedded/4.9 2014q4/bin/../lib/gcc/arm-none-eabi/4.9.3/../../../../arm-none-eabi/lib/armv7e-m\libm.a(lib_a-w_sqrt.o)
                0x08001e58                sqrt
 *fill*         0x08001f04        0x4 
 .text.__ieee754_atan2
                0x08001f08      0x1b8 c:/program files/gnu tools arm embedded/4.9 2014q4/bin/../lib/gcc/arm-none-eabi/4.9.3/../../../../arm-none-eabi/lib/armv7e-m\libm.a(lib_a-e_atan2.o)
                0x08001f08                __ieee754_atan2
 .text.__ieee754_rem_pio2
                0x080020c0      0x448 c:/program files/gnu tools arm embedded/4.9 2014q4/bin/../lib/gcc/arm-none-eabi/4.9.3/../../../../arm-none-eabi/lib/armv7e-m\libm.a(lib_a-e_rem_pio2.o)
                0x080020c0                __ieee754_rem_pio2
 .text.__ieee754_sqrt
                0x08002508      0x188 c:/program files/gnu tools arm embedded/4.9 2014q4/bin/../lib/gcc/arm-none-eabi/4.9.3/../../../../arm-none-eabi/lib/armv7e-m\libm.a(lib_a-e_sqrt.o)
                0x08002508                __ieee754_sqrt
 .text.__kernel_cos
                0x08002690      0x248 c:/program files/gnu tools arm embedded/4.9 2014q4/bin/../lib/gcc/arm-none-eabi/4.9.3/../../../../arm-none-eabi/lib/armv7e-m\libm.a(lib_a-k_cos.o)
                0x08002690                __kernel_cos
 .text.__kernel_rem_pio2
                0x080028d8      0x808 c:/program files/gnu tools arm embedded/4.9 2014q4/bin/../lib/gcc/arm-none-eabi/4.9.3/../../../../arm-none-eabi/lib/armv7e-m\libm.a(lib_a-k_rem_pio2.o)
                0x080028d8                __kernel_rem_pio2
 .text.__kernel_sin
                0x080030e0      0x170 c:/program files/gnu tools arm embedded/4.9 2014q4/bin/../lib/gcc/arm-none-eabi/4.9.3/../../../../arm-none-eabi/lib/armv7e-m\libm.a(lib_a-k_sin.o)
                0x080030e0                __kernel_sin
 .text.atan     0x08003250      0x338 c:/program files/gnu tools arm embedded/4.9 2014q4/bin/../lib/gcc/arm-none-eabi/4.9.3/../../../../arm-none-eabi/lib/armv7e-m\libm.a(lib_a-s_atan.o)
                0x08003250                atan
 .text.floor    0x08003588      0x118 c:/program files/gnu tools arm embedded/4.9 2014q4/bin/../lib/gcc/arm-none-eabi/4.9.3/../../../../arm-none-eabi/lib/armv7e-m\libm.a(lib_a-s_floor.o)
                0x08003588                floor
 .text.matherr  0x080036a0        0x4 c:/program files/gnu tools arm embedded/4.9 2014q4/bin/../lib/gcc/arm-none-eabi/4.9.3/../../../../arm-none-eabi/lib/armv7e-m\libm.a(lib_a-s_matherr.o)
                0x080036a0                matherr
 *fill*         0x080036a4        0x4 
 .text.scalbn   0x080036a8      0x108 c:/program files/gnu tools arm embedded/4.9 2014q4/bin/../lib/gcc/arm-none-eabi/4.9.3/../../../../arm-none-eabi/lib/armv7e-m\libm.a(lib_a-s_scalbn.o)
                0x080036a8                scalbn
 .text.copysign
                0x080037b0       0x10 c:/program files/gnu tools arm embedded/4.9 2014q4/bin/../lib/gcc/arm-none-eabi/4.9.3/../../../../arm-none-eabi/lib/armv7e-m\libm.a(lib_a-s_copysign.o)
                0x080037b0                copysign
 .text          0x080037c0      0x370 c:/program files/gnu tools arm embedded/4.9 2014q4/bin/../lib/gcc/arm-none-eabi/4.9.3/armv7e-m\libgcc.a(_arm_addsubdf3.o)
                0x080037c0                __aeabi_drsub
                0x080037c8                __aeabi_dsub
                0x080037c8                __subdf3
                0x080037cc                __aeabi_dadd
                0x080037cc                __adddf3
                0x08003a44                __floatunsidf
                0x08003a44                __aeabi_ui2d
                0x08003a64                __floatsidf
                0x08003a64                __aeabi_i2d
                0x08003a88                __aeabi_f2d
                0x08003a88                __extendsfdf2
                0x08003ac4                __floatundidf
                0x08003ac4                __aeabi_ul2d
                0x08003ad4                __floatdidf
                0x08003ad4                __aeabi_l2d
 .text          0x08003b30      0x424 c:/program files/gnu tools arm embedded/4.9 2014q4/bin/../lib/gcc/arm-none-eabi/4.9.3/armv7e-m\libgcc.a(_arm_muldivdf3.o)
                0x08003b30                __aeabi_dmul
                0x08003b30                __muldf3
                0x08003d84                __divdf3
                0x08003d84                __aeabi_ddiv
 .text          0x08003f54      0x110 c:/program files/gnu tools arm embedded/4.9 2014q4/bin/../lib/gcc/arm-none-eabi/4.9.3/armv7e-m\libgcc.a(_arm_cmpdf2.o)
                0x08003f54                __gtdf2
                0x08003f54                __gedf2
                0x08003f5c                __ltdf2
                0x08003f5c                __ledf2
                0x08003f64                __nedf2
                0x08003f64                __eqdf2
                0x08003f64                __cmpdf2
                0x08003fe0                __aeabi_cdrcmple
                0x08003ff0                __aeabi_cdcmpeq
                0x08003ff0                __aeabi_cdcmple
                0x08004000                __aeabi_dcmpeq
                0x08004014                __aeabi_dcmplt
                0x08004028                __aeabi_dcmple
                0x0800403c                __aeabi_dcmpge
                0x08004050                __aeabi_dcmpgt
 .text          0x08004064       0x50 c:/program files/gnu tools arm embedded/4.9 2014q4/bin/../lib/gcc/arm-none-eabi/4.9.3/armv7e-m\libgcc.a(_arm_fixdfsi.o)
                0x08004064                __aeabi_d2iz
                0x08004064                __fixdfsi
 .text          0x080040b4       0x40 c:/program files/gnu tools arm embedded/4.9 2014q4/bin/../lib/gcc/arm-none-eabi/4.9.3/armv7e-m\libgcc.a(_arm_fixunsdfsi.o)
                0x080040b4                __aeabi_d2uiz
                0x080040b4                __fixunsdfsi
 .text          0x080040f4      0x640 c:/program files/gnu tools arm embedded/4.9 2014q4/bin/../lib/gcc/arm-none-eabi/4.9.3/armv7e-m\libgcc.a(_muldc3.o)
                0x080040f4                __muldc3
 .text.calloc   0x08004734       0x10 c:/program files/gnu tools arm embedded/4.9 2014q4/bin/../lib/gcc/arm-none-eabi/4.9.3/../../../../arm-none-eabi/lib/armv7e-m\libg.a(lib_a-calloc.o)
                0x08004734                calloc
 .text._calloc_r
                0x08004744       0x60 c:/program files/gnu tools arm embedded/4.9 2014q4/bin/../lib/gcc/arm-none-eabi/4.9.3/../../../../arm-none-eabi/lib/armv7e-m\libg.a(lib_a-callocr.o)
                0x08004744                _calloc_r
 .text.__errno  0x080047a4        0xc c:/program files/gnu tools arm embedded/4.9 2014q4/bin/../lib/gcc/arm-none-eabi/4.9.3/../../../../arm-none-eabi/lib/armv7e-m\libg.a(lib_a-errno.o)
                0x080047a4                __errno
 .text._malloc_r
                0x080047b0      0x51c c:/program files/gnu tools arm embedded/4.9 2014q4/bin/../lib/gcc/arm-none-eabi/4.9.3/../../../../arm-none-eabi/lib/armv7e-m\libg.a(lib_a-mallocr.o)
                0x080047b0                _malloc_r
 .text.memset   0x08004ccc       0x9c c:/program files/gnu tools arm embedded/4.9 2014q4/bin/../lib/gcc/arm-none-eabi/4.9.3/../../../../arm-none-eabi/lib/armv7e-m\libg.a(lib_a-memset.o)
                0x08004ccc                memset
 .text.__malloc_lock
                0x08004d68        0x4 c:/program files/gnu tools arm embedded/4.9 2014q4/bin/../lib/gcc/arm-none-eabi/4.9.3/../../../../arm-none-eabi/lib/armv7e-m\libg.a(lib_a-mlock.o)
                0x08004d68                __malloc_lock
 .text.__malloc_unlock
                0x08004d6c        0x4 c:/program files/gnu tools arm embedded/4.9 2014q4/bin/../lib/gcc/arm-none-eabi/4.9.3/../../../../arm-none-eabi/lib/armv7e-m\libg.a(lib_a-mlock.o)
                0x08004d6c                __malloc_unlock
 .text._sbrk_r  0x08004d70       0x24 c:/program files/gnu tools arm embedded/4.9 2014q4/bin/../lib/gcc/arm-none-eabi/4.9.3/../../../../arm-none-eabi/lib/armv7e-m\libg.a(lib_a-sbrkr.o)
                0x08004d70                _sbrk_r
 .text._malloc_trim_r
                0x08004d94       0x9c c:/program files/gnu tools arm embedded/4.9 2014q4/bin/../lib/gcc/arm-none-eabi/4.9.3/../../../../arm-none-eabi/lib/armv7e-m\libg.a(lib_a-freer.o)
                0x08004d94                _malloc_trim_r
 .text._free_r  0x08004e30      0x1b0 c:/program files/gnu tools arm embedded/4.9 2014q4/bin/../lib/gcc/arm-none-eabi/4.9.3/../../../../arm-none-eabi/lib/armv7e-m\libg.a(lib_a-freer.o)
                0x08004e30                _free_r
 *(.init)
 *(.fini)
 *crtbegin.o(.ctors)
 *crtbegin?.o(.ctors)
 *(EXCLUDE_FILE(*crtend.o *crtend?.o) .ctors)
 *(SORT(.ctors.*))
 *(.ctors)
 *crtbegin.o(.dtors)
 *crtbegin?.o(.dtors)
 *(EXCLUDE_FILE(*crtend.o *crtend?.o) .dtors)
 *(SORT(.dtors.*))
 *(.dtors)
 *(.rodata*)
 .rodata.str1.4
                0x08004fe0        0x5 c:/program files/gnu tools arm embedded/4.9 2014q4/bin/../lib/gcc/arm-none-eabi/4.9.3/../../../../arm-none-eabi/lib/armv7e-m\libm.a(lib_a-w_sqrt.o)
                                  0x8 (size before relaxing)
 *fill*         0x08004fe5        0x3 
 .rodata.npio2_hw
                0x08004fe8       0x80 c:/program files/gnu tools arm embedded/4.9 2014q4/bin/../lib/gcc/arm-none-eabi/4.9.3/../../../../arm-none-eabi/lib/armv7e-m\libm.a(lib_a-e_rem_pio2.o)
 .rodata.two_over_pi
                0x08005068      0x108 c:/program files/gnu tools arm embedded/4.9 2014q4/bin/../lib/gcc/arm-none-eabi/4.9.3/../../../../arm-none-eabi/lib/armv7e-m\libm.a(lib_a-e_rem_pio2.o)
 .rodata.init_jk
                0x08005170       0x10 c:/program files/gnu tools arm embedded/4.9 2014q4/bin/../lib/gcc/arm-none-eabi/4.9.3/../../../../arm-none-eabi/lib/armv7e-m\libm.a(lib_a-k_rem_pio2.o)
 .rodata.PIo2   0x08005180       0x40 c:/program files/gnu tools arm embedded/4.9 2014q4/bin/../lib/gcc/arm-none-eabi/4.9.3/../../../../arm-none-eabi/lib/armv7e-m\libm.a(lib_a-k_rem_pio2.o)
 .rodata.atanlo
                0x080051c0       0x20 c:/program files/gnu tools arm embedded/4.9 2014q4/bin/../lib/gcc/arm-none-eabi/4.9.3/../../../../arm-none-eabi/lib/armv7e-m\libm.a(lib_a-s_atan.o)
 .rodata.atanhi
                0x080051e0       0x20 c:/program files/gnu tools arm embedded/4.9 2014q4/bin/../lib/gcc/arm-none-eabi/4.9.3/../../../../arm-none-eabi/lib/armv7e-m\libm.a(lib_a-s_atan.o)
 .rodata.str1.4
                0x08005200        0x4 c:/program files/gnu tools arm embedded/4.9 2014q4/bin/../lib/gcc/arm-none-eabi/4.9.3/../../../../arm-none-eabi/lib/armv7e-m\libg.a(lib_a-impure.o)
 *(.eh_fram e*)

.glue_7         0x08005204        0x0
 .glue_7        0x00000000        0x0 linker stubs

.glue_7t        0x08005204        0x0
 .glue_7t       0x00000000        0x0 linker stubs

.vfp11_veneer   0x08005204        0x0
 .vfp11_veneer  0x00000000        0x0 linker stubs

.v4_bx          0x08005204        0x0
 .v4_bx         0x00000000        0x0 linker stubs

.iplt           0x08005204        0x0
 .iplt          0x00000000        0x0 ..\obj\vectors.o

.rel.dyn        0x08005204        0x0
 .rel.iplt      0x00000000        0x0 ..\obj\vectors.o

.ARM.extab
 *(.ARM.extab* .gnu.linkonce.armextab.*)
                0x08005204                __exidx_start = .

.ARM.exidx
 *(.ARM.exidx* .gnu.linkonce.armexidx.*)
                0x08005204                __exidx_end = .
                0x08005204                __etext = .
                0x08005204                _sidata = __etext

.data           0x20000000      0x854 load address 0x08005204
                0x20000000                __data_start__ = .
                0x20000000                _sdata = __data_start__
 *(vtable)
 *(.data*)
 .data          0x20000000       0x14 ..\obj\system_stm32f4xx.o
                0x20000000                SystemCoreClock
                0x20000004                AHBPrescTable
 .data.__fdlib_version
                0x20000014        0x1 c:/program files/gnu tools arm embedded/4.9 2014q4/bin/../lib/gcc/arm-none-eabi/4.9.3/../../../../arm-none-eabi/lib/armv7e-m\libm.a(lib_a-s_lib_ver.o)
                0x20000014                __fdlib_version
 *fill*         0x20000015        0x3 
 .data.impure_data
                0x20000018      0x428 c:/program files/gnu tools arm embedded/4.9 2014q4/bin/../lib/gcc/arm-none-eabi/4.9.3/../../../../arm-none-eabi/lib/armv7e-m\libg.a(lib_a-impure.o)
 .data._impure_ptr
                0x20000440        0x4 c:/program files/gnu tools arm embedded/4.9 2014q4/bin/../lib/gcc/arm-none-eabi/4.9.3/../../../../arm-none-eabi/lib/armv7e-m\libg.a(lib_a-impure.o)
                0x20000440                _impure_ptr
 .data.__malloc_av_
                0x20000444      0x408 c:/program files/gnu tools arm embedded/4.9 2014q4/bin/../lib/gcc/arm-none-eabi/4.9.3/../../../../arm-none-eabi/lib/armv7e-m\libg.a(lib_a-mallocr.o)
                0x20000444                __malloc_av_
 .data.__malloc_trim_threshold
                0x2000084c        0x4 c:/program files/gnu tools arm embedded/4.9 2014q4/bin/../lib/gcc/arm-none-eabi/4.9.3/../../../../arm-none-eabi/lib/armv7e-m\libg.a(lib_a-mallocr.o)
                0x2000084c                __malloc_trim_threshold
 .data.__malloc_sbrk_base
                0x20000850        0x4 c:/program files/gnu tools arm embedded/4.9 2014q4/bin/../lib/gcc/arm-none-eabi/4.9.3/../../../../arm-none-eabi/lib/armv7e-m\libg.a(lib_a-mallocr.o)
                0x20000850                __malloc_sbrk_base
                0x20000854                . = ALIGN (0x4)
                0x20000854                PROVIDE (__preinit_array_start, .)
 *(.preinit_array)
                0x20000854                PROVIDE (__preinit_array_end, .)
                0x20000854                . = ALIGN (0x4)
                0x20000854                PROVIDE (__init_array_start, .)
 *(SORT(.init_array.*))
 *(.init_array)
                0x20000854                PROVIDE (__init_array_end, .)
                0x20000854                . = ALIGN (0x4)
                0x20000854                PROVIDE (__fini_array_start, .)
 *(SORT(.fini_array.*))
 *(.fini_array)
                0x20000854                PROVIDE (__fini_array_end, .)
 *(.jcr*)
                0x20000854                . = ALIGN (0x4)
                0x20000854                __data_end__ = .
                0x20000854                _edata = __data_end__

.igot.plt       0x20000854        0x0 load address 0x08005a58
 .igot.plt      0x00000000        0x0 ..\obj\vectors.o

.bss            0x20000858     0x24c4 load address 0x08005a60
                0x20000858                . = ALIGN (0x4)
                0x20000858                __bss_start__ = .
                0x20000858                _sbss = __bss_start__
 *(.bss*)
 .bss           0x20000858        0x4 ..\obj\syscalls.o
 .bss           0x2000085c       0x54 ..\obj\stm32f4xx_systick.o
 .bss.__malloc_max_total_mem
                0x200008b0        0x4 c:/program files/gnu tools arm embedded/4.9 2014q4/bin/../lib/gcc/arm-none-eabi/4.9.3/../../../../arm-none-eabi/lib/armv7e-m\libg.a(lib_a-mallocr.o)
                0x200008b0                __malloc_max_total_mem
 .bss.__malloc_max_sbrked_mem
                0x200008b4        0x4 c:/program files/gnu tools arm embedded/4.9 2014q4/bin/../lib/gcc/arm-none-eabi/4.9.3/../../../../arm-none-eabi/lib/armv7e-m\libg.a(lib_a-mallocr.o)
                0x200008b4                __malloc_max_sbrked_mem
 .bss.__malloc_top_pad
                0x200008b8        0x4 c:/program files/gnu tools arm embedded/4.9 2014q4/bin/../lib/gcc/arm-none-eabi/4.9.3/../../../../arm-none-eabi/lib/armv7e-m\libg.a(lib_a-mallocr.o)
                0x200008b8                __malloc_top_pad
 .bss.__malloc_current_mallinfo
                0x200008bc       0x28 c:/program files/gnu tools arm embedded/4.9 2014q4/bin/../lib/gcc/arm-none-eabi/4.9.3/../../../../arm-none-eabi/lib/armv7e-m\libg.a(lib_a-mallocr.o)
                0x200008bc                __malloc_current_mallinfo
 *(COMMON)
 *fill*         0x200008e4        0x4 
 COMMON         0x200008e8     0x2428 ..\obj\main.o
                0x200008e8                b
                0x200010e8                f
                0x20001110                A
                0x20001910                B
                0x20002110                Bmag
                0x20002510                a
                0x20002910                Amag
 COMMON         0x20002d10        0x8 ..\obj\stm32f4xx_systick.o
                0x20002d10                __ticks
                0x20002d14                __now
 COMMON         0x20002d18        0x4 c:/program files/gnu tools arm embedded/4.9 2014q4/bin/../lib/gcc/arm-none-eabi/4.9.3/../../../../arm-none-eabi/lib/armv7e-m\libg.a(lib_a-reent.o)
                0x20002d18                errno
                0x20002d1c                . = ALIGN (0x4)
                0x20002d1c                __bss_end__ = .
                0x20002d1c                _ebss = __bss_end__

.heap           0x20002d1c        0x0
                0x20002d1c                __end__ = .
                0x20002d1c                _end = __end__
                0x20002d1c                end = __end__
 *(.heap*)
                0x20002d1c                __HeapLimit = .

.co_stack       0x20002d1c      0x804 load address 0x08007f24
                0x20002d20                . = ALIGN (0x8)
 *fill*         0x20002d1c        0x4 
 *(.co_stack .co_stack.*)
 .co_stack      0x20002d20      0x800 ..\obj\startup_stm32f4xx.o
                0x20002d20                pulStack
                0x20020000                __StackTop = (ORIGIN (ram) + 0x20000)
                0x2001f7fc                __StackLimit = (__StackTop - SIZEOF (.co_stack))
                0x20020000                PROVIDE (__stack, __StackTop)
                0x00000001                ASSERT ((__StackLimit >= __HeapLimit), region ram  overflowed with stack)
LOAD ..\obj\vectors.o
LOAD ..\obj\tui_timebox.o
LOAD ..\obj\tui_msgboxd.o
LOAD ..\obj\ee_i2c.o
LOAD ..\obj\sscanf.o
LOAD ..\obj\tui_textboxd.o
LOAD ..\obj\fft.o
LOAD ..\obj\STM32F4_Discovery.o
LOAD ..\obj\stm32f4xx_pwr.o
LOAD ..\obj\simX8.o
LOAD ..\obj\tui_menu.o
LOAD ..\obj\tle5009.o
LOAD ..\obj\dft.o
LOAD ..\obj\tui_timeboxd.o
LOAD ..\obj\s25fs_spi.o
LOAD ..\obj\jtype.o
LOAD ..\obj\tui_menud.o
LOAD ..\obj\startup_stm32f4xx.o
LOAD ..\obj\_vsxprintf.o
LOAD ..\obj\ntc3997k.o
LOAD ..\obj\filter_wsinc.o
LOAD ..\obj\pt100x.o
LOAD ..\obj\sensors_lut.o
LOAD ..\obj\main.o
LOAD ..\obj\stm32f4xx_rcc.o
LOAD ..\obj\stime.o
LOAD ..\obj\i2c_bb.o
LOAD ..\obj\printf.o
LOAD ..\obj\tuid.o
LOAD ..\obj\ktyx.o
LOAD ..\obj\aes.o
LOAD ..\obj\tui_valueboxd.o
LOAD ..\obj\filter_mova.o
LOAD ..\obj\sd_spi.o
LOAD ..\obj\tui.o
LOAD ..\obj\nmea.o
LOAD ..\obj\xcorr.o
LOAD ..\obj\stm32f4xx_flash.o
LOAD ..\obj\md5.o
LOAD ..\obj\quick_trig.o
LOAD ..\obj\system_stm32f4xx.o
LOAD ..\obj\jiffies.o
LOAD ..\obj\syscalls.o
LOAD ..\obj\semaphore.o
LOAD ..\obj\brh_fcx.o
LOAD ..\obj\queue.o
LOAD ..\obj\scanf.o
LOAD ..\obj\bldc_emf.o
LOAD ..\obj\tui_comboboxd.o
LOAD ..\obj\sha1.o
LOAD ..\obj\spa_grena.o
LOAD ..\obj\sha2.o
LOAD ..\obj\alcd.o
LOAD ..\obj\stm32f4xx_systick.o
LOAD ..\obj\_vsxscanf.o
LOAD ..\obj\sha3.o
LOAD ..\obj\sprintf.o
LOAD ..\obj\tui_cmn.o
LOAD ..\obj\misc.o
LOAD ..\obj\leaky_int.o
LOAD ..\obj\_base_io.o
LOAD ..\obj\tui_combobox.o
LOAD ..\obj\tui_textbox.o
LOAD ..\obj\conv.o
LOAD ..\obj\shellshort.o
LOAD ..\obj\buttons.o
LOAD ..\obj\tui_valuebox.o
LOAD ..\obj\sim_ee.o
LOAD ..\obj\tne.o
LOAD ..\obj\pid.o
LOAD ..\obj\des.o
LOAD ..\obj\spi_bb.o
LOAD c:/program files/gnu tools arm embedded/4.9 2014q4/bin/../lib/gcc/arm-none-eabi/4.9.3/../../../../arm-none-eabi/lib/armv7e-m\libm.a
START GROUP
LOAD c:/program files/gnu tools arm embedded/4.9 2014q4/bin/../lib/gcc/arm-none-eabi/4.9.3/armv7e-m\libgcc.a
LOAD c:/program files/gnu tools arm embedded/4.9 2014q4/bin/../lib/gcc/arm-none-eabi/4.9.3/../../../../arm-none-eabi/lib/armv7e-m\libg.a
LOAD c:/program files/gnu tools arm embedded/4.9 2014q4/bin/../lib/gcc/arm-none-eabi/4.9.3/../../../../arm-none-eabi/lib/armv7e-m\libc.a
END GROUP
OUTPUT(tbx_bin.elf elf32-littlearm)

.debug_info     0x00000000     0x53d9
 .debug_info    0x00000000      0xd4c ..\obj\vectors.o
 .debug_info    0x00000d4c      0x8a1 ..\obj\fft.o
 .debug_info    0x000015ed      0x5cf ..\obj\STM32F4_Discovery.o
 .debug_info    0x00001bbc      0x5cd ..\obj\stm32f4xx_pwr.o
 .debug_info    0x00002189       0xed ..\obj\startup_stm32f4xx.o
 .debug_info    0x00002276      0x518 ..\obj\filter_wsinc.o
 .debug_info    0x0000278e      0x2aa ..\obj\main.o
 .debug_info    0x00002a38      0xe42 ..\obj\stm32f4xx_rcc.o
 .debug_info    0x0000387a      0x930 ..\obj\stm32f4xx_flash.o
 .debug_info    0x000041aa      0x5d6 ..\obj\system_stm32f4xx.o
 .debug_info    0x00004780      0x3f5 ..\obj\syscalls.o
 .debug_info    0x00004b75      0x30a ..\obj\stm32f4xx_systick.o
 .debug_info    0x00004e7f      0x55a ..\obj\conv.o

.debug_abbrev   0x00000000     0x102e
 .debug_abbrev  0x00000000      0x127 ..\obj\vectors.o
 .debug_abbrev  0x00000127      0x11f ..\obj\fft.o
 .debug_abbrev  0x00000246      0x190 ..\obj\STM32F4_Discovery.o
 .debug_abbrev  0x000003d6      0x17f ..\obj\stm32f4xx_pwr.o
 .debug_abbrev  0x00000555       0xb0 ..\obj\startup_stm32f4xx.o
 .debug_abbrev  0x00000605      0x176 ..\obj\filter_wsinc.o
 .debug_abbrev  0x0000077b      0x122 ..\obj\main.o
 .debug_abbrev  0x0000089d      0x1ba ..\obj\stm32f4xx_rcc.o
 .debug_abbrev  0x00000a57      0x16d ..\obj\stm32f4xx_flash.o
 .debug_abbrev  0x00000bc4      0x136 ..\obj\system_stm32f4xx.o
 .debug_abbrev  0x00000cfa       0xe2 ..\obj\syscalls.o
 .debug_abbrev  0x00000ddc      0x1aa ..\obj\stm32f4xx_systick.o
 .debug_abbrev  0x00000f86       0xa8 ..\obj\conv.o

.debug_aranges  0x00000000      0x828
 .debug_aranges
                0x00000000      0x180 ..\obj\vectors.o
 .debug_aranges
                0x00000180       0x78 ..\obj\fft.o
 .debug_aranges
                0x000001f8       0x70 ..\obj\STM32F4_Discovery.o
 .debug_aranges
                0x00000268       0x98 ..\obj\stm32f4xx_pwr.o
 .debug_aranges
                0x00000300       0x28 ..\obj\startup_stm32f4xx.o
 .debug_aranges
                0x00000328       0x88 ..\obj\filter_wsinc.o
 .debug_aranges
                0x000003b0       0x28 ..\obj\main.o
 .debug_aranges
                0x000003d8      0x1c0 ..\obj\stm32f4xx_rcc.o
 .debug_aranges
                0x00000598      0x158 ..\obj\stm32f4xx_flash.o
 .debug_aranges
                0x000006f0       0x30 ..\obj\system_stm32f4xx.o
 .debug_aranges
                0x00000720       0x60 ..\obj\syscalls.o
 .debug_aranges
                0x00000780       0x60 ..\obj\stm32f4xx_systick.o
 .debug_aranges
                0x000007e0       0x48 ..\obj\conv.o

.debug_ranges   0x00000000      0x758
 .debug_ranges  0x00000000      0x170 ..\obj\vectors.o
 .debug_ranges  0x00000170       0x68 ..\obj\fft.o
 .debug_ranges  0x000001d8       0x60 ..\obj\STM32F4_Discovery.o
 .debug_ranges  0x00000238       0x88 ..\obj\stm32f4xx_pwr.o
 .debug_ranges  0x000002c0       0x18 ..\obj\startup_stm32f4xx.o
 .debug_ranges  0x000002d8       0x78 ..\obj\filter_wsinc.o
 .debug_ranges  0x00000350       0x18 ..\obj\main.o
 .debug_ranges  0x00000368      0x1b0 ..\obj\stm32f4xx_rcc.o
 .debug_ranges  0x00000518      0x148 ..\obj\stm32f4xx_flash.o
 .debug_ranges  0x00000660       0x20 ..\obj\system_stm32f4xx.o
 .debug_ranges  0x00000680       0x50 ..\obj\syscalls.o
 .debug_ranges  0x000006d0       0x50 ..\obj\stm32f4xx_systick.o
 .debug_ranges  0x00000720       0x38 ..\obj\conv.o

.debug_line     0x00000000     0x2dd0
 .debug_line    0x00000000      0x65a ..\obj\vectors.o
 .debug_line    0x0000065a      0x4ff ..\obj\fft.o
 .debug_line    0x00000b59      0x320 ..\obj\STM32F4_Discovery.o
 .debug_line    0x00000e79      0x328 ..\obj\stm32f4xx_pwr.o
 .debug_line    0x000011a1       0xa6 ..\obj\startup_stm32f4xx.o
 .debug_line    0x00001247      0x367 ..\obj\filter_wsinc.o
 .debug_line    0x000015ae      0x260 ..\obj\main.o
 .debug_line    0x0000180e      0x677 ..\obj\stm32f4xx_rcc.o
 .debug_line    0x00001e85      0x58e ..\obj\stm32f4xx_flash.o
 .debug_line    0x00002413      0x249 ..\obj\system_stm32f4xx.o
 .debug_line    0x0000265c      0x16f ..\obj\syscalls.o
 .debug_line    0x000027cb      0x34a ..\obj\stm32f4xx_systick.o
 .debug_line    0x00002b15      0x2bb ..\obj\conv.o

.debug_str      0x00000000     0x1c78
 .debug_str     0x00000000      0x2e4 ..\obj\vectors.o
                                0x32a (size before relaxing)
 .debug_str     0x000002e4       0x9a ..\obj\fft.o
                                0x236 (size before relaxing)
 .debug_str     0x0000037e      0x34f ..\obj\STM32F4_Discovery.o
                                0x498 (size before relaxing)
 .debug_str     0x000006cd      0x260 ..\obj\stm32f4xx_pwr.o
                                0x3e1 (size before relaxing)
 .debug_str     0x0000092d       0xb5 ..\obj\startup_stm32f4xx.o
                                0x155 (size before relaxing)
 .debug_str     0x000009e2      0x1fa ..\obj\filter_wsinc.o
                                0x395 (size before relaxing)
 .debug_str     0x00000bdc       0x7a ..\obj\main.o
                                0x2f3 (size before relaxing)
 .debug_str     0x00000c56      0x7b0 ..\obj\stm32f4xx_rcc.o
                                0x9d4 (size before relaxing)
 .debug_str     0x00001406      0x4ee ..\obj\stm32f4xx_flash.o
                                0x6b1 (size before relaxing)
 .debug_str     0x000018f4       0x9f ..\obj\system_stm32f4xx.o
                                0x3f2 (size before relaxing)
 .debug_str     0x00001993      0x165 ..\obj\syscalls.o
                                0x2e8 (size before relaxing)
 .debug_str     0x00001af8      0x117 ..\obj\stm32f4xx_systick.o
                                0x289 (size before relaxing)
 .debug_str     0x00001c0f       0x69 ..\obj\conv.o
                                0x1fa (size before relaxing)

.comment        0x00000000       0x70
 .comment       0x00000000       0x70 ..\obj\vectors.o
                                 0x71 (size before relaxing)
 .comment       0x00000000       0x71 ..\obj\fft.o
 .comment       0x00000000       0x71 ..\obj\STM32F4_Discovery.o
 .comment       0x00000000       0x71 ..\obj\stm32f4xx_pwr.o
 .comment       0x00000000       0x71 ..\obj\startup_stm32f4xx.o
 .comment       0x00000000       0x71 ..\obj\filter_wsinc.o
 .comment       0x00000000       0x71 ..\obj\main.o
 .comment       0x00000000       0x71 ..\obj\stm32f4xx_rcc.o
 .comment       0x00000000       0x71 ..\obj\stm32f4xx_flash.o
 .comment       0x00000000       0x71 ..\obj\system_stm32f4xx.o
 .comment       0x00000000       0x71 ..\obj\syscalls.o
 .comment       0x00000000       0x71 ..\obj\stm32f4xx_systick.o
 .comment       0x00000000       0x71 ..\obj\conv.o

.ARM.attributes
                0x00000000       0x31
 .ARM.attributes
                0x00000000       0x33 ..\obj\vectors.o
 .ARM.attributes
                0x00000033       0x33 ..\obj\fft.o
 .ARM.attributes
                0x00000066       0x33 ..\obj\STM32F4_Discovery.o
 .ARM.attributes
                0x00000099       0x33 ..\obj\stm32f4xx_pwr.o
 .ARM.attributes
                0x000000cc       0x33 ..\obj\startup_stm32f4xx.o
 .ARM.attributes
                0x000000ff       0x33 ..\obj\filter_wsinc.o
 .ARM.attributes
                0x00000132       0x33 ..\obj\main.o
 .ARM.attributes
                0x00000165       0x33 ..\obj\stm32f4xx_rcc.o
 .ARM.attributes
                0x00000198       0x33 ..\obj\stm32f4xx_flash.o
 .ARM.attributes
                0x000001cb       0x33 ..\obj\system_stm32f4xx.o
 .ARM.attributes
                0x000001fe       0x33 ..\obj\syscalls.o
 .ARM.attributes
                0x00000231       0x33 ..\obj\stm32f4xx_systick.o
 .ARM.attributes
                0x00000264       0x33 ..\obj\conv.o
 .ARM.attributes
                0x00000297       0x2e c:/program files/gnu tools arm embedded/4.9 2014q4/bin/../lib/gcc/arm-none-eabi/4.9.3/../../../../arm-none-eabi/lib/armv7e-m\libm.a(lib_a-s_cos.o)
 .ARM.attributes
                0x000002c5       0x2e c:/program files/gnu tools arm embedded/4.9 2014q4/bin/../lib/gcc/arm-none-eabi/4.9.3/../../../../arm-none-eabi/lib/armv7e-m\libm.a(lib_a-s_fabs.o)
 .ARM.attributes
                0x000002f3       0x2e c:/program files/gnu tools arm embedded/4.9 2014q4/bin/../lib/gcc/arm-none-eabi/4.9.3/../../../../arm-none-eabi/lib/armv7e-m\libm.a(lib_a-s_fpclassify.o)
 .ARM.attributes
                0x00000321       0x2e c:/program files/gnu tools arm embedded/4.9 2014q4/bin/../lib/gcc/arm-none-eabi/4.9.3/../../../../arm-none-eabi/lib/armv7e-m\libm.a(lib_a-s_sin.o)
 .ARM.attributes
                0x0000034f       0x2e c:/program files/gnu tools arm embedded/4.9 2014q4/bin/../lib/gcc/arm-none-eabi/4.9.3/../../../../arm-none-eabi/lib/armv7e-m\libm.a(lib_a-w_atan2.o)
 .ARM.attributes
                0x0000037d       0x2e c:/program files/gnu tools arm embedded/4.9 2014q4/bin/../lib/gcc/arm-none-eabi/4.9.3/../../../../arm-none-eabi/lib/armv7e-m\libm.a(lib_a-w_sqrt.o)
 .ARM.attributes
                0x000003ab       0x2e c:/program files/gnu tools arm embedded/4.9 2014q4/bin/../lib/gcc/arm-none-eabi/4.9.3/../../../../arm-none-eabi/lib/armv7e-m\libm.a(lib_a-e_atan2.o)
 .ARM.attributes
                0x000003d9       0x2e c:/program files/gnu tools arm embedded/4.9 2014q4/bin/../lib/gcc/arm-none-eabi/4.9.3/../../../../arm-none-eabi/lib/armv7e-m\libm.a(lib_a-e_rem_pio2.o)
 .ARM.attributes
                0x00000407       0x2e c:/program files/gnu tools arm embedded/4.9 2014q4/bin/../lib/gcc/arm-none-eabi/4.9.3/../../../../arm-none-eabi/lib/armv7e-m\libm.a(lib_a-e_sqrt.o)
 .ARM.attributes
                0x00000435       0x2e c:/program files/gnu tools arm embedded/4.9 2014q4/bin/../lib/gcc/arm-none-eabi/4.9.3/../../../../arm-none-eabi/lib/armv7e-m\libm.a(lib_a-k_cos.o)
 .ARM.attributes
                0x00000463       0x2e c:/program files/gnu tools arm embedded/4.9 2014q4/bin/../lib/gcc/arm-none-eabi/4.9.3/../../../../arm-none-eabi/lib/armv7e-m\libm.a(lib_a-k_rem_pio2.o)
 .ARM.attributes
                0x00000491       0x2e c:/program files/gnu tools arm embedded/4.9 2014q4/bin/../lib/gcc/arm-none-eabi/4.9.3/../../../../arm-none-eabi/lib/armv7e-m\libm.a(lib_a-k_sin.o)
 .ARM.attributes
                0x000004bf       0x2e c:/program files/gnu tools arm embedded/4.9 2014q4/bin/../lib/gcc/arm-none-eabi/4.9.3/../../../../arm-none-eabi/lib/armv7e-m\libm.a(lib_a-s_atan.o)
 .ARM.attributes
                0x000004ed       0x2e c:/program files/gnu tools arm embedded/4.9 2014q4/bin/../lib/gcc/arm-none-eabi/4.9.3/../../../../arm-none-eabi/lib/armv7e-m\libm.a(lib_a-s_floor.o)
 .ARM.attributes
                0x0000051b       0x2e c:/program files/gnu tools arm embedded/4.9 2014q4/bin/../lib/gcc/arm-none-eabi/4.9.3/../../../../arm-none-eabi/lib/armv7e-m\libm.a(lib_a-s_lib_ver.o)
 .ARM.attributes
                0x00000549       0x2e c:/program files/gnu tools arm embedded/4.9 2014q4/bin/../lib/gcc/arm-none-eabi/4.9.3/../../../../arm-none-eabi/lib/armv7e-m\libm.a(lib_a-s_matherr.o)
 .ARM.attributes
                0x00000577       0x2e c:/program files/gnu tools arm embedded/4.9 2014q4/bin/../lib/gcc/arm-none-eabi/4.9.3/../../../../arm-none-eabi/lib/armv7e-m\libm.a(lib_a-s_scalbn.o)
 .ARM.attributes
                0x000005a5       0x2e c:/program files/gnu tools arm embedded/4.9 2014q4/bin/../lib/gcc/arm-none-eabi/4.9.3/../../../../arm-none-eabi/lib/armv7e-m\libm.a(lib_a-s_copysign.o)
 .ARM.attributes
                0x000005d3       0x1e c:/program files/gnu tools arm embedded/4.9 2014q4/bin/../lib/gcc/arm-none-eabi/4.9.3/armv7e-m\libgcc.a(_arm_addsubdf3.o)
 .ARM.attributes
                0x000005f1       0x1e c:/program files/gnu tools arm embedded/4.9 2014q4/bin/../lib/gcc/arm-none-eabi/4.9.3/armv7e-m\libgcc.a(_arm_muldivdf3.o)
 .ARM.attributes
                0x0000060f       0x1e c:/program files/gnu tools arm embedded/4.9 2014q4/bin/../lib/gcc/arm-none-eabi/4.9.3/armv7e-m\libgcc.a(_arm_cmpdf2.o)
 .ARM.attributes
                0x0000062d       0x1e c:/program files/gnu tools arm embedded/4.9 2014q4/bin/../lib/gcc/arm-none-eabi/4.9.3/armv7e-m\libgcc.a(_arm_fixdfsi.o)
 .ARM.attributes
                0x0000064b       0x1e c:/program files/gnu tools arm embedded/4.9 2014q4/bin/../lib/gcc/arm-none-eabi/4.9.3/armv7e-m\libgcc.a(_arm_fixunsdfsi.o)
 .ARM.attributes
                0x00000669       0x2e c:/program files/gnu tools arm embedded/4.9 2014q4/bin/../lib/gcc/arm-none-eabi/4.9.3/armv7e-m\libgcc.a(_muldc3.o)
 .ARM.attributes
                0x00000697       0x2e c:/program files/gnu tools arm embedded/4.9 2014q4/bin/../lib/gcc/arm-none-eabi/4.9.3/../../../../arm-none-eabi/lib/armv7e-m\libg.a(lib_a-calloc.o)
 .ARM.attributes
                0x000006c5       0x2e c:/program files/gnu tools arm embedded/4.9 2014q4/bin/../lib/gcc/arm-none-eabi/4.9.3/../../../../arm-none-eabi/lib/armv7e-m\libg.a(lib_a-callocr.o)
 .ARM.attributes
                0x000006f3       0x2e c:/program files/gnu tools arm embedded/4.9 2014q4/bin/../lib/gcc/arm-none-eabi/4.9.3/../../../../arm-none-eabi/lib/armv7e-m\libg.a(lib_a-errno.o)
 .ARM.attributes
                0x00000721       0x2e c:/program files/gnu tools arm embedded/4.9 2014q4/bin/../lib/gcc/arm-none-eabi/4.9.3/../../../../arm-none-eabi/lib/armv7e-m\libg.a(lib_a-impure.o)
 .ARM.attributes
                0x0000074f       0x2e c:/program files/gnu tools arm embedded/4.9 2014q4/bin/../lib/gcc/arm-none-eabi/4.9.3/../../../../arm-none-eabi/lib/armv7e-m\libg.a(lib_a-mallocr.o)
 .ARM.attributes
                0x0000077d       0x2e c:/program files/gnu tools arm embedded/4.9 2014q4/bin/../lib/gcc/arm-none-eabi/4.9.3/../../../../arm-none-eabi/lib/armv7e-m\libg.a(lib_a-memset.o)
 .ARM.attributes
                0x000007ab       0x2e c:/program files/gnu tools arm embedded/4.9 2014q4/bin/../lib/gcc/arm-none-eabi/4.9.3/../../../../arm-none-eabi/lib/armv7e-m\libg.a(lib_a-mlock.o)
 .ARM.attributes
                0x000007d9       0x2e c:/program files/gnu tools arm embedded/4.9 2014q4/bin/../lib/gcc/arm-none-eabi/4.9.3/../../../../arm-none-eabi/lib/armv7e-m\libg.a(lib_a-sbrkr.o)
 .ARM.attributes
                0x00000807       0x2e c:/program files/gnu tools arm embedded/4.9 2014q4/bin/../lib/gcc/arm-none-eabi/4.9.3/../../../../arm-none-eabi/lib/armv7e-m\libg.a(lib_a-freer.o)
 .ARM.attributes
                0x00000835       0x2e c:/program files/gnu tools arm embedded/4.9 2014q4/bin/../lib/gcc/arm-none-eabi/4.9.3/../../../../arm-none-eabi/lib/armv7e-m\libg.a(lib_a-reent.o)

.debug_frame    0x00000000     0x2928
 .debug_frame   0x00000000      0x7ac ..\obj\vectors.o
 .debug_frame   0x000007ac      0x250 ..\obj\fft.o
 .debug_frame   0x000009fc      0x194 ..\obj\STM32F4_Discovery.o
 .debug_frame   0x00000b90      0x27c ..\obj\stm32f4xx_pwr.o
 .debug_frame   0x00000e0c       0x4c ..\obj\startup_stm32f4xx.o
 .debug_frame   0x00000e58      0x23c ..\obj\filter_wsinc.o
 .debug_frame   0x00001094       0x50 ..\obj\main.o
 .debug_frame   0x000010e4      0x83c ..\obj\stm32f4xx_rcc.o
 .debug_frame   0x00001920      0x5b0 ..\obj\stm32f4xx_flash.o
 .debug_frame   0x00001ed0       0x7c ..\obj\system_stm32f4xx.o
 .debug_frame   0x00001f4c      0x168 ..\obj\syscalls.o
 .debug_frame   0x000020b4      0x154 ..\obj\stm32f4xx_systick.o
 .debug_frame   0x00002208      0x114 ..\obj\conv.o
 .debug_frame   0x0000231c       0x38 c:/program files/gnu tools arm embedded/4.9 2014q4/bin/../lib/gcc/arm-none-eabi/4.9.3/../../../../arm-none-eabi/lib/armv7e-m\libm.a(lib_a-s_cos.o)
 .debug_frame   0x00002354       0x20 c:/program files/gnu tools arm embedded/4.9 2014q4/bin/../lib/gcc/arm-none-eabi/4.9.3/../../../../arm-none-eabi/lib/armv7e-m\libm.a(lib_a-s_fabs.o)
 .debug_frame   0x00002374       0x34 c:/program files/gnu tools arm embedded/4.9 2014q4/bin/../lib/gcc/arm-none-eabi/4.9.3/../../../../arm-none-eabi/lib/armv7e-m\libm.a(lib_a-s_fpclassify.o)
 .debug_frame   0x000023a8       0x38 c:/program files/gnu tools arm embedded/4.9 2014q4/bin/../lib/gcc/arm-none-eabi/4.9.3/../../../../arm-none-eabi/lib/armv7e-m\libm.a(lib_a-s_sin.o)
 .debug_frame   0x000023e0       0x20 c:/program files/gnu tools arm embedded/4.9 2014q4/bin/../lib/gcc/arm-none-eabi/4.9.3/../../../../arm-none-eabi/lib/armv7e-m\libm.a(lib_a-w_atan2.o)
 .debug_frame   0x00002400       0x44 c:/program files/gnu tools arm embedded/4.9 2014q4/bin/../lib/gcc/arm-none-eabi/4.9.3/../../../../arm-none-eabi/lib/armv7e-m\libm.a(lib_a-w_sqrt.o)
 .debug_frame   0x00002444       0x48 c:/program files/gnu tools arm embedded/4.9 2014q4/bin/../lib/gcc/arm-none-eabi/4.9.3/../../../../arm-none-eabi/lib/armv7e-m\libm.a(lib_a-e_atan2.o)
 .debug_frame   0x0000248c       0x48 c:/program files/gnu tools arm embedded/4.9 2014q4/bin/../lib/gcc/arm-none-eabi/4.9.3/../../../../arm-none-eabi/lib/armv7e-m\libm.a(lib_a-e_rem_pio2.o)
 .debug_frame   0x000024d4       0x34 c:/program files/gnu tools arm embedded/4.9 2014q4/bin/../lib/gcc/arm-none-eabi/4.9.3/../../../../arm-none-eabi/lib/armv7e-m\libm.a(lib_a-e_sqrt.o)
 .debug_frame   0x00002508       0x4c c:/program files/gnu tools arm embedded/4.9 2014q4/bin/../lib/gcc/arm-none-eabi/4.9.3/../../../../arm-none-eabi/lib/armv7e-m\libm.a(lib_a-k_cos.o)
 .debug_frame   0x00002554       0x54 c:/program files/gnu tools arm embedded/4.9 2014q4/bin/../lib/gcc/arm-none-eabi/4.9.3/../../../../arm-none-eabi/lib/armv7e-m\libm.a(lib_a-k_rem_pio2.o)
 .debug_frame   0x000025a8       0x48 c:/program files/gnu tools arm embedded/4.9 2014q4/bin/../lib/gcc/arm-none-eabi/4.9.3/../../../../arm-none-eabi/lib/armv7e-m\libm.a(lib_a-k_sin.o)
 .debug_frame   0x000025f0       0x38 c:/program files/gnu tools arm embedded/4.9 2014q4/bin/../lib/gcc/arm-none-eabi/4.9.3/../../../../arm-none-eabi/lib/armv7e-m\libm.a(lib_a-s_atan.o)
 .debug_frame   0x00002628       0x34 c:/program files/gnu tools arm embedded/4.9 2014q4/bin/../lib/gcc/arm-none-eabi/4.9.3/../../../../arm-none-eabi/lib/armv7e-m\libm.a(lib_a-s_floor.o)
 .debug_frame   0x0000265c       0x20 c:/program files/gnu tools arm embedded/4.9 2014q4/bin/../lib/gcc/arm-none-eabi/4.9.3/../../../../arm-none-eabi/lib/armv7e-m\libm.a(lib_a-s_matherr.o)
 .debug_frame   0x0000267c       0x30 c:/program files/gnu tools arm embedded/4.9 2014q4/bin/../lib/gcc/arm-none-eabi/4.9.3/../../../../arm-none-eabi/lib/armv7e-m\libm.a(lib_a-s_scalbn.o)
 .debug_frame   0x000026ac       0x20 c:/program files/gnu tools arm embedded/4.9 2014q4/bin/../lib/gcc/arm-none-eabi/4.9.3/../../../../arm-none-eabi/lib/armv7e-m\libm.a(lib_a-s_copysign.o)
 .debug_frame   0x000026cc       0x40 c:/program files/gnu tools arm embedded/4.9 2014q4/bin/../lib/gcc/arm-none-eabi/4.9.3/armv7e-m\libgcc.a(_muldc3.o)
 .debug_frame   0x0000270c       0x20 c:/program files/gnu tools arm embedded/4.9 2014q4/bin/../lib/gcc/arm-none-eabi/4.9.3/../../../../arm-none-eabi/lib/armv7e-m\libg.a(lib_a-calloc.o)
 .debug_frame   0x0000272c       0x28 c:/program files/gnu tools arm embedded/4.9 2014q4/bin/../lib/gcc/arm-none-eabi/4.9.3/../../../../arm-none-eabi/lib/armv7e-m\libg.a(lib_a-callocr.o)
 .debug_frame   0x00002754       0x20 c:/program files/gnu tools arm embedded/4.9 2014q4/bin/../lib/gcc/arm-none-eabi/4.9.3/../../../../arm-none-eabi/lib/armv7e-m\libg.a(lib_a-errno.o)
 .debug_frame   0x00002774       0x58 c:/program files/gnu tools arm embedded/4.9 2014q4/bin/../lib/gcc/arm-none-eabi/4.9.3/../../../../arm-none-eabi/lib/armv7e-m\libg.a(lib_a-mallocr.o)
 .debug_frame   0x000027cc       0x34 c:/program files/gnu tools arm embedded/4.9 2014q4/bin/../lib/gcc/arm-none-eabi/4.9.3/../../../../arm-none-eabi/lib/armv7e-m\libg.a(lib_a-memset.o)
 .debug_frame   0x00002800       0x30 c:/program files/gnu tools arm embedded/4.9 2014q4/bin/../lib/gcc/arm-none-eabi/4.9.3/../../../../arm-none-eabi/lib/armv7e-m\libg.a(lib_a-mlock.o)
 .debug_frame   0x00002830       0x2c c:/program files/gnu tools arm embedded/4.9 2014q4/bin/../lib/gcc/arm-none-eabi/4.9.3/../../../../arm-none-eabi/lib/armv7e-m\libg.a(lib_a-sbrkr.o)
 .debug_frame   0x0000285c       0x74 c:/program files/gnu tools arm embedded/4.9 2014q4/bin/../lib/gcc/arm-none-eabi/4.9.3/../../../../arm-none-eabi/lib/armv7e-m\libg.a(lib_a-freer.o)
 .debug_frame   0x000028d0       0x58 c:/program files/gnu tools arm embedded/4.9 2014q4/bin/../lib/gcc/arm-none-eabi/4.9.3/../../../../arm-none-eabi/lib/armv7e-m\libg.a(lib_a-reent.o)
