
Discarded input sections

 .text          0x00000000        0x0 ..\obj\core_cm3.o
 .data          0x00000000        0x0 ..\obj\core_cm3.o
 .bss           0x00000000        0x0 ..\obj\core_cm3.o
 .text.__get_PSP
                0x00000000       0x10 ..\obj\core_cm3.o
 .text.__set_PSP
                0x00000000        0x8 ..\obj\core_cm3.o
 .text.__get_MSP
                0x00000000       0x10 ..\obj\core_cm3.o
 .text.__set_MSP
                0x00000000        0x8 ..\obj\core_cm3.o
 .text.__get_BASEPRI
                0x00000000       0x20 ..\obj\core_cm3.o
 .text.__set_BASEPRI
                0x00000000       0x18 ..\obj\core_cm3.o
 .text.__get_PRIMASK
                0x00000000       0x20 ..\obj\core_cm3.o
 .text.__set_PRIMASK
                0x00000000       0x18 ..\obj\core_cm3.o
 .text.__get_FAULTMASK
                0x00000000       0x20 ..\obj\core_cm3.o
 .text.__set_FAULTMASK
                0x00000000       0x18 ..\obj\core_cm3.o
 .text.__REV    0x00000000       0x20 ..\obj\core_cm3.o
 .text.__REV16  0x00000000       0x24 ..\obj\core_cm3.o
 .text.__REVSH  0x00000000       0x24 ..\obj\core_cm3.o
 .text.__RBIT   0x00000000       0x24 ..\obj\core_cm3.o
 .text.__LDREXB
                0x00000000       0x24 ..\obj\core_cm3.o
 .text.__LDREXH
                0x00000000       0x24 ..\obj\core_cm3.o
 .text.__LDREXW
                0x00000000       0x24 ..\obj\core_cm3.o
 .text.__STREXB
                0x00000000       0x28 ..\obj\core_cm3.o
 .text.__STREXH
                0x00000000       0x28 ..\obj\core_cm3.o
 .text.__STREXW
                0x00000000       0x28 ..\obj\core_cm3.o
 .text.__get_CONTROL
                0x00000000       0x20 ..\obj\core_cm3.o
 .text.__set_CONTROL
                0x00000000       0x18 ..\obj\core_cm3.o
 .debug_info    0x00000000      0x527 ..\obj\core_cm3.o
 .debug_abbrev  0x00000000       0xaa ..\obj\core_cm3.o
 .debug_aranges
                0x00000000       0xc8 ..\obj\core_cm3.o
 .debug_ranges  0x00000000       0xb8 ..\obj\core_cm3.o
 .debug_line    0x00000000      0x2bd ..\obj\core_cm3.o
 .debug_str     0x00000000      0x2d3 ..\obj\core_cm3.o
 .comment       0x00000000       0x71 ..\obj\core_cm3.o
 .debug_frame   0x00000000      0x320 ..\obj\core_cm3.o
 .ARM.attributes
                0x00000000       0x33 ..\obj\core_cm3.o
 .text          0x00000000        0x0 ..\obj\startup_stm32l1xx_md.o
 .data          0x00000000        0x0 ..\obj\startup_stm32l1xx_md.o
 .bss           0x00000000        0x0 ..\obj\startup_stm32l1xx_md.o
 .text          0x00000000        0x0 ..\obj\system_stm32l1xx.o
 .data          0x00000000       0x20 ..\obj\system_stm32l1xx.o
 .bss           0x00000000        0x0 ..\obj\system_stm32l1xx.o
 .text.SystemCoreClockUpdate
                0x00000000      0x158 ..\obj\system_stm32l1xx.o
 .text.SetSysClock
                0x00000000      0x120 ..\obj\system_stm32l1xx.o

Memory Configuration

Name             Origin             Length             Attributes
rom              0x08000000         0x00020000         xr
ram              0x20000000         0x00004000         xrw
*default*        0x00000000         0xffffffff

Linker script and memory map

                0x20004000                _eram = 0x20004000

.text           0x08000000      0x1d8
 *(.isr_vector)
 .isr_vector    0x08000000      0x10c ..\obj\startup_stm32l1xx_md.o
                0x08000000                g_pfnVectors
 *(.text*)
 .text.Default_Reset_Handler
                0x0800010c       0x5c ..\obj\startup_stm32l1xx_md.o
                0x0800010c                Default_Reset_Handler
                0x0800010c                Reset_Handler
 .text.Default_Handler
                0x08000168        0x8 ..\obj\startup_stm32l1xx_md.o
                0x08000168                RTC_Alarm_IRQHandler
                0x08000168                EXTI2_IRQHandler
                0x08000168                DebugMon_Handler
                0x08000168                HardFault_Handler
                0x08000168                TIM10_IRQHandler
                0x08000168                USB_HP_IRQHandler
                0x08000168                TIM6_IRQHandler
                0x08000168                SysTick_Handler
                0x08000168                PVD_IRQHandler
                0x08000168                PendSV_Handler
                0x08000168                NMI_Handler
                0x08000168                EXTI3_IRQHandler
                0x08000168                EXTI0_IRQHandler
                0x08000168                I2C2_EV_IRQHandler
                0x08000168                UsageFault_Handler
                0x08000168                SPI1_IRQHandler
                0x08000168                TAMPER_IRQHandler
                0x08000168                USB_FS_WKUP_IRQHandler
                0x08000168                DMA1_Channel4_IRQHandler
                0x08000168                ADC1_IRQHandler
                0x08000168                USART3_IRQHandler
                0x08000168                RTC_IRQHandler
                0x08000168                DMA1_Channel7_IRQHandler
                0x08000168                LCD_IRQHandler
                0x08000168                TIM4_IRQHandler
                0x08000168                I2C1_EV_IRQHandler
                0x08000168                DMA1_Channel6_IRQHandler
                0x08000168                TIM3_IRQHandler
                0x08000168                RCC_IRQHandler
                0x08000168                DMA1_Channel1_IRQHandler
                0x08000168                EXTI15_10_IRQHandler
                0x08000168                TIM7_IRQHandler
                0x08000168                EXTI9_5_IRQHandler
                0x08000168                TIM9_IRQHandler
                0x08000168                SPI2_IRQHandler
                0x08000168                MemManage_Handler
                0x08000168                SVC_Handler
                0x08000168                DMA1_Channel5_IRQHandler
                0x08000168                USB_LP_IRQHandler
                0x08000168                EXTI4_IRQHandler
                0x08000168                DMA1_Channel3_IRQHandler
                0x08000168                COMP_IRQHandler
                0x08000168                WWDG_IRQHandler
                0x08000168                TIM2_IRQHandler
                0x08000168                DAC_IRQHandler
                0x08000168                EXTI1_IRQHandler
                0x08000168                TIM11_IRQHandler
                0x08000168                USART2_IRQHandler
                0x08000168                I2C2_ER_IRQHandler
                0x08000168                DMA1_Channel2_IRQHandler
                0x08000168                FLASH_IRQHandler
                0x08000168                BusFault_Handler
                0x08000168                USART1_IRQHandler
                0x08000168                I2C1_ER_IRQHandler
 .text.SystemInit
                0x08000170       0x68 ..\obj\system_stm32l1xx.o
                0x08000170                SystemInit
 *(.init)
 *(.fini)
 *crtbegin.o(.ctors)
 *crtbegin?.o(.ctors)
 *(EXCLUDE_FILE(*crtend.o *crtend?.o) .ctors)
 *(SORT(.ctors.*))
 *(.ctors)
 *crtbegin.o(.dtors)
 *crtbegin?.o(.dtors)
 *(EXCLUDE_FILE(*crtend.o *crtend?.o) .dtors)
 *(SORT(.dtors.*))
 *(.dtors)
 *(.rodata*)
 *(.eh_fram e*)

.glue_7         0x080001d8        0x0
 .glue_7        0x00000000        0x0 linker stubs

.glue_7t        0x080001d8        0x0
 .glue_7t       0x00000000        0x0 linker stubs

.vfp11_veneer   0x080001d8        0x0
 .vfp11_veneer  0x00000000        0x0 linker stubs

.v4_bx          0x080001d8        0x0
 .v4_bx         0x00000000        0x0 linker stubs

.iplt           0x080001d8        0x0
 .iplt          0x00000000        0x0 ..\obj\core_cm3.o

.rel.dyn        0x080001d8        0x0
 .rel.iplt      0x00000000        0x0 ..\obj\core_cm3.o

.ARM.extab
 *(.ARM.extab* .gnu.linkonce.armextab.*)
                0x080001d8                __exidx_start = .

.ARM.exidx
 *(.ARM.exidx* .gnu.linkonce.armexidx.*)
                0x080001d8                __exidx_end = .
                0x080001d8                __etext = .
                0x080001d8                _sidata = __etext

.data           0x20000000        0x0 load address 0x080001d8
                0x20000000                __data_start__ = .
                0x20000000                _sdata = __data_start__
 *(vtable)
 *(.data*)
                0x20000000                . = ALIGN (0x4)
                0x20000000                PROVIDE (__preinit_array_start, .)
 *(.preinit_array)
                0x20000000                PROVIDE (__preinit_array_end, .)
                0x20000000                . = ALIGN (0x4)
                0x20000000                PROVIDE (__init_array_start, .)
 *(SORT(.init_array.*))
 *(.init_array)
                0x20000000                PROVIDE (__init_array_end, .)
                0x20000000                . = ALIGN (0x4)
                0x20000000                PROVIDE (__fini_array_start, .)
 *(SORT(.fini_array.*))
 *(.fini_array)
                0x20000000                PROVIDE (__fini_array_end, .)
 *(.jcr*)
                0x20000000                . = ALIGN (0x4)
                0x20000000                __data_end__ = .
                0x20000000                _edata = __data_end__

.igot.plt       0x20000000        0x0
 .igot.plt      0x00000000        0x0 ..\obj\core_cm3.o

.bss            0x20000000        0x0
                0x20000000                . = ALIGN (0x4)
                0x20000000                __bss_start__ = .
                0x20000000                _sbss = __bss_start__
 *(.bss*)
 *(COMMON)
                0x20000000                . = ALIGN (0x4)
                0x20000000                __bss_end__ = .
                0x20000000                _ebss = __bss_end__

.heap           0x20000000        0x0
                0x20000000                __end__ = .
                0x20000000                _end = __end__
                0x20000000                end = __end__
 *(.heap*)
                0x20000000                __HeapLimit = .

.co_stack       0x20000000      0x800
                0x20000000                . = ALIGN (0x8)
 *(.co_stack .co_stack.*)
 .co_stack      0x20000000      0x800 ..\obj\startup_stm32l1xx_md.o
                0x20000000                pulStack
                0x20004000                __StackTop = (ORIGIN (ram) + 0x4000)
                0x20003800                __StackLimit = (__StackTop - SIZEOF (.co_stack))
                0x20004000                PROVIDE (__stack, __StackTop)
                0x00000001                ASSERT ((__StackLimit >= __HeapLimit), region ram  overflowed with stack)
LOAD ..\obj\core_cm3.o
LOAD ..\obj\startup_stm32l1xx_md.o
LOAD ..\obj\system_stm32l1xx.o
START GROUP
LOAD c:/program files/gnu tools arm embedded/4.9 2014q4/bin/../lib/gcc/arm-none-eabi/4.9.3/armv7-m\libgcc.a
LOAD c:/program files/gnu tools arm embedded/4.9 2014q4/bin/../lib/gcc/arm-none-eabi/4.9.3/../../../../arm-none-eabi/lib/armv7-m\libg.a
LOAD c:/program files/gnu tools arm embedded/4.9 2014q4/bin/../lib/gcc/arm-none-eabi/4.9.3/../../../../arm-none-eabi/lib/armv7-m\libc.a
END GROUP
OUTPUT(tbx.elf elf32-littlearm)

.debug_info     0x00000000      0x630
 .debug_info    0x00000000       0xea ..\obj\startup_stm32l1xx_md.o
 .debug_info    0x000000ea      0x546 ..\obj\system_stm32l1xx.o

.debug_abbrev   0x00000000      0x1f5
 .debug_abbrev  0x00000000       0xb0 ..\obj\startup_stm32l1xx_md.o
 .debug_abbrev  0x000000b0      0x145 ..\obj\system_stm32l1xx.o

.debug_aranges  0x00000000       0x58
 .debug_aranges
                0x00000000       0x28 ..\obj\startup_stm32l1xx_md.o
 .debug_aranges
                0x00000028       0x30 ..\obj\system_stm32l1xx.o

.debug_ranges   0x00000000       0x38
 .debug_ranges  0x00000000       0x18 ..\obj\startup_stm32l1xx_md.o
 .debug_ranges  0x00000018       0x20 ..\obj\system_stm32l1xx.o

.debug_line     0x00000000      0x2ee
 .debug_line    0x00000000       0xab ..\obj\startup_stm32l1xx_md.o
 .debug_line    0x000000ab      0x243 ..\obj\system_stm32l1xx.o

.debug_str      0x00000000      0x3c7
 .debug_str     0x00000000      0x147 ..\obj\startup_stm32l1xx_md.o
                                0x159 (size before relaxing)
 .debug_str     0x00000147      0x280 ..\obj\system_stm32l1xx.o
                                0x364 (size before relaxing)

.comment        0x00000000       0x70
 .comment       0x00000000       0x70 ..\obj\startup_stm32l1xx_md.o
                                 0x71 (size before relaxing)
 .comment       0x00000000       0x71 ..\obj\system_stm32l1xx.o

.ARM.attributes
                0x00000000       0x33
 .ARM.attributes
                0x00000000       0x33 ..\obj\startup_stm32l1xx_md.o
 .ARM.attributes
                0x00000033       0x33 ..\obj\system_stm32l1xx.o

.debug_frame    0x00000000       0xcc
 .debug_frame   0x00000000       0x4c ..\obj\startup_stm32l1xx_md.o
 .debug_frame   0x0000004c       0x80 ..\obj\system_stm32l1xx.o
